Archive member included to satisfy reference by file (symbol)

C:/Program Files/SEGGER/SEGGER Embedded Studio for ARM 5.32a/lib/libm_v7em_fpv4_sp_d16_hard_t_le_eabi.a(libm_asm.o)
                              Output/Debug/Obj/twi_sensor_pca10056/snow_slave.o (__aeabi_f2d)
C:/Program Files/SEGGER/SEGGER Embedded Studio for ARM 5.32a/lib/libc_v7em_fpv4_sp_d16_hard_t_le_eabi.a(libc_asm.o)
                              Output/Debug/Obj/twi_sensor_pca10056/bme680.o (__aeabi_ldivmod)
C:/Program Files/SEGGER/SEGGER Embedded Studio for ARM 5.32a/lib/libc_v7em_fpv4_sp_d16_hard_t_le_eabi.a(libc2.o)
                              Output/Debug/Obj/twi_sensor_pca10056/nrf_log_str_formatter.o (isprint)
C:/Program Files/SEGGER/SEGGER Embedded Studio for ARM 5.32a/lib/libc_v7em_fpv4_sp_d16_hard_t_le_eabi.a(libc2_asm.o)
                              Output/Debug/Obj/twi_sensor_pca10056/nrf_log_frontend.o (memcpy)
C:/Program Files/SEGGER/SEGGER Embedded Studio for ARM 5.32a/lib/libc_v7em_fpv4_sp_d16_hard_t_le_eabi.a(libvfprintf.o)
                              (__vfprintf_short_float_long)
C:/Program Files/SEGGER/SEGGER Embedded Studio for ARM 5.32a/lib/libc_v7em_fpv4_sp_d16_hard_t_le_eabi.a(libvfscanf.o)
                              (__vfscanf_long)
C:/Program Files/SEGGER/SEGGER Embedded Studio for ARM 5.32a/lib/libc_v7em_fpv4_sp_d16_hard_t_le_eabi.a(libc.o)
                              C:/Program Files/SEGGER/SEGGER Embedded Studio for ARM 5.32a/lib/libc_v7em_fpv4_sp_d16_hard_t_le_eabi.a(libc2.o) (__heap_lock)
C:/Program Files/SEGGER/SEGGER Embedded Studio for ARM 5.32a/lib/libdebugio_v7em_fpv4_sp_d16_hard_t_le_eabi.a(libdebugio.o)
                              Output/Debug/Obj/twi_sensor_pca10056/thumb_crt0.o (debug_fopen)
C:/Program Files/SEGGER/SEGGER Embedded Studio for ARM 5.32a/lib/libdebugio_v7em_fpv4_sp_d16_hard_t_le_eabi.a(do_nv_debug_operation.o)
                              C:/Program Files/SEGGER/SEGGER Embedded Studio for ARM 5.32a/lib/libdebugio_v7em_fpv4_sp_d16_hard_t_le_eabi.a(libdebugio.o) (__do_nvdebug_operation)
C:/Program Files/SEGGER/SEGGER Embedded Studio for ARM 5.32a/lib/libdebugio_v7em_fpv4_sp_d16_hard_t_le_eabi.a(mempoll_debug_operations.o)
                              (__do_debug_operation_mempoll)
C:/Program Files/SEGGER/SEGGER Embedded Studio for ARM 5.32a/lib/libm_v7em_fpv4_sp_d16_hard_t_le_eabi.a(libm2.o)
                              C:/Program Files/SEGGER/SEGGER Embedded Studio for ARM 5.32a/lib/libc_v7em_fpv4_sp_d16_hard_t_le_eabi.a(libvfprintf.o) (frexp)

Discarded input sections

 .text          0x0000000000000000        0x0 Output/Debug/Obj/twi_sensor_pca10056/thumb_crt0.o
 .data          0x0000000000000000        0x0 Output/Debug/Obj/twi_sensor_pca10056/thumb_crt0.o
 .bss           0x0000000000000000        0x0 Output/Debug/Obj/twi_sensor_pca10056/thumb_crt0.o
 .text.abort    0x0000000000000000        0x2 Output/Debug/Obj/twi_sensor_pca10056/thumb_crt0.o
 .text.__assert
                0x0000000000000000        0x2 Output/Debug/Obj/twi_sensor_pca10056/thumb_crt0.o
 .text.__assert_func
                0x0000000000000000        0x2 Output/Debug/Obj/twi_sensor_pca10056/thumb_crt0.o
 .text.__aeabi_assert
                0x0000000000000000        0x2 Output/Debug/Obj/twi_sensor_pca10056/thumb_crt0.o
 .text.__sync_synchronize
                0x0000000000000000        0x2 Output/Debug/Obj/twi_sensor_pca10056/thumb_crt0.o
 .text.__getchar
                0x0000000000000000        0x4 Output/Debug/Obj/twi_sensor_pca10056/thumb_crt0.o
 .text.__putchar
                0x0000000000000000        0x4 Output/Debug/Obj/twi_sensor_pca10056/thumb_crt0.o
 .text.__open   0x0000000000000000        0x4 Output/Debug/Obj/twi_sensor_pca10056/thumb_crt0.o
 .text.__close  0x0000000000000000        0x4 Output/Debug/Obj/twi_sensor_pca10056/thumb_crt0.o
 .text.__write  0x0000000000000000        0xa Output/Debug/Obj/twi_sensor_pca10056/thumb_crt0.o
 .text.__read   0x0000000000000000        0xa Output/Debug/Obj/twi_sensor_pca10056/thumb_crt0.o
 .text.__seek   0x0000000000000000       0x1a Output/Debug/Obj/twi_sensor_pca10056/thumb_crt0.o
 .text.remove   0x0000000000000000        0x4 Output/Debug/Obj/twi_sensor_pca10056/thumb_crt0.o
 .text.rename   0x0000000000000000        0x4 Output/Debug/Obj/twi_sensor_pca10056/thumb_crt0.o
 .bss.__user_locale_name_buffer
                0x0000000000000000        0x4 Output/Debug/Obj/twi_sensor_pca10056/thumb_crt0.o
 .stack         0x0000000000000000        0x0 Output/Debug/Obj/twi_sensor_pca10056/thumb_crt0.o
 .stack_process
                0x0000000000000000        0x0 Output/Debug/Obj/twi_sensor_pca10056/thumb_crt0.o
 .heap          0x0000000000000000        0x0 Output/Debug/Obj/twi_sensor_pca10056/thumb_crt0.o
 .group         0x0000000000000000        0xc Output/Debug/Obj/twi_sensor_pca10056/nrf_log_backend_rtt.o
 .group         0x0000000000000000        0xc Output/Debug/Obj/twi_sensor_pca10056/nrf_log_backend_rtt.o
[...]
Memory Configuration

Name             Origin             Length             Attributes
UNPLACED_SECTIONS 0x0000000100000000 0x0000000000000000 xw
RAM1             0x0000000020000000 0x0000000000040000 xw
FLASH            0x0000000000000000 0x0000000000100000 xw
*default*        0x0000000000000000 0xffffffffffffffff

Linker script and memory map

                0x0000000000000000                __do_debug_operation = __do_debug_operation_mempoll
                0x0000000000008f80                __vfprintf = __vfprintf_short_float_long
                0x0000000000000000                __vfscanf = __vfscanf_long
                0x0000000020000000                __RAM1_segment_start__ = 0x20000000
                0x0000000020040000                __RAM1_segment_end__ = 0x20040000
                0x0000000000040000                __RAM1_segment_size__ = 0x40000
                0x0000000000000000                __FLASH_segment_start__ = 0x0
                0x0000000000100000                __FLASH_segment_end__ = 0x100000
                0x0000000000100000                __FLASH_segment_size__ = 0x100000
                0x0000000000002000                __HEAPSIZE__ = 0x2000
                0x0000000000000000                __STACKSIZE_PROCESS__ = 0x0
                0x0000000000002000                __STACKSIZE__ = 0x2000
                0x0000000020000000                __vectors_ram_load_start__ = 0x20000000

.vectors_ram    0x0000000020000000        0x0
                0x0000000020000000                __vectors_ram_start__ = .
                0x0000000020000000                __app_ram_start__ = __vectors_ram_start__
 *(.vectors_ram .vectors_ram.*)
                0x0000000020000000                __vectors_ram_end__ = (__vectors_ram_start__ + SIZEOF (.vectors_ram))
                0x0000000000000000                __vectors_ram_size__ = SIZEOF (.vectors_ram)
                0x0000000020000000                __vectors_ram_load_end__ = __vectors_ram_end__
                0x0000000000000001                . = ASSERT (((__vectors_ram_start__ == __vectors_ram_end__) || ((__vectors_ram_end__ - __RAM1_segment_start__) <= __RAM1_segment_size__)), error: .vectors_ram is too large to fit in RAM1 memory segment)
                0x0000000020000000                __nrf_sections_run_load_start__ = ALIGN (__vectors_ram_end__, 0x4)

.nrf_sections_run
                0x0000000020000000        0x0
                0x0000000020000000                __nrf_sections_run_start__ = .
                0x0000000020000000                __start_nrf_sections_run = __nrf_sections_run_start__
 *(.nrf_sections_run .nrf_sections_run.*)
                0x0000000020000000                __nrf_sections_run_end__ = (__nrf_sections_run_start__ + SIZEOF (.nrf_sections_run))
                0x0000000000000000                __nrf_sections_run_size__ = SIZEOF (.nrf_sections_run)
                0x0000000020000000                __nrf_sections_run_load_end__ = __nrf_sections_run_end__
                0x0000000000000001                . = ASSERT (((__nrf_sections_run_start__ == __nrf_sections_run_end__) || ((__nrf_sections_run_end__ - __RAM1_segment_start__) <= __RAM1_segment_size__)), error: .nrf_sections_run is too large to fit in RAM1 memory segment)
                0x0000000000000000                __vectors_load_start__ = 0x0

.vectors        0x0000000000000000      0x200
                0x0000000000000000                __vectors_start__ = .
 *(.vectors .vectors.*)
 .vectors       0x0000000000000000      0x200 Output/Debug/Obj/twi_sensor_pca10056/ses_startup_nrf52840.o
                0x0000000000000000                _vectors
                0x0000000000000200                __vectors_end__ = (__vectors_start__ + SIZEOF (.vectors))
                0x0000000000000200                __vectors_size__ = SIZEOF (.vectors)
                0x0000000000000200                __vectors_load_end__ = __vectors_end__
                0x0000000000000001                . = ASSERT (((__vectors_start__ == __vectors_end__) || ((__vectors_end__ - __FLASH_segment_start__) <= __FLASH_segment_size__)), error: .vectors is too large to fit in FLASH memory segment)
                0x0000000000000200                __init_load_start__ = ALIGN (__vectors_end__, 0x4)

.init           0x0000000000000200      0x1d0
                0x0000000000000200                __init_start__ = .
 *(.init .init.*)
 .init          0x0000000000000200      0x15c Output/Debug/Obj/twi_sensor_pca10056/thumb_crt0.o
                0x0000000000000200                _start
                0x00000000000002b4                exit
 .init          0x000000000000035c       0x18 Output/Debug/Obj/twi_sensor_pca10056/ses_startup_nrf52840.o
                0x000000000000035c                NMI_Handler
                0x000000000000035e                HardFault_Handler
                0x0000000000000360                MemoryManagement_Handler
                0x0000000000000362                BusFault_Handler
                0x0000000000000364                UsageFault_Handler
                0x0000000000000366                SVC_Handler
                0x0000000000000368                DebugMon_Handler
                0x000000000000036a                PendSV_Handler
                0x000000000000036c                SysTick_Handler
                0x000000000000036e                PWM1_IRQHandler
                0x000000000000036e                GPIOTE_IRQHandler
                0x000000000000036e                RTC0_IRQHandler
                0x000000000000036e                POWER_CLOCK_IRQHandler
                0x000000000000036e                RADIO_IRQHandler
                0x000000000000036e                SWI2_EGU2_IRQHandler
                0x000000000000036e                TEMP_IRQHandler
                0x000000000000036e                QDEC_IRQHandler
                0x000000000000036e                TIMER3_IRQHandler
                0x000000000000036e                PWM3_IRQHandler
                0x000000000000036e                FPU_IRQHandler
                0x000000000000036e                USBD_IRQHandler
                0x000000000000036e                QSPI_IRQHandler
                0x000000000000036e                TIMER4_IRQHandler
                0x000000000000036e                PDM_IRQHandler
                0x000000000000036e                I2S_IRQHandler
                0x000000000000036e                SWI4_EGU4_IRQHandler
                0x000000000000036e                TIMER0_IRQHandler
                0x000000000000036e                UARTE1_IRQHandler
                0x000000000000036e                Dummy_Handler
                0x000000000000036e                TIMER1_IRQHandler
                0x000000000000036e                SPIM3_IRQHandler
                0x000000000000036e                PWM2_IRQHandler
                0x000000000000036e                ECB_IRQHandler
                0x000000000000036e                SAADC_IRQHandler
                0x000000000000036e                CCM_AAR_IRQHandler
                0x000000000000036e                WDT_IRQHandler
                0x000000000000036e                SWI0_EGU0_IRQHandler
                0x000000000000036e                SWI5_EGU5_IRQHandler
                0x000000000000036e                RNG_IRQHandler
                0x000000000000036e                RTC2_IRQHandler
                0x000000000000036e                PWM0_IRQHandler
                0x000000000000036e                SWI3_EGU3_IRQHandler
                0x000000000000036e                RTC1_IRQHandler
                0x000000000000036e                SWI1_EGU1_IRQHandler
                0x000000000000036e                SPIM2_SPIS2_SPI2_IRQHandler
                0x000000000000036e                NFCT_IRQHandler
                0x000000000000036e                CRYPTOCELL_IRQHandler
                0x000000000000036e                MWU_IRQHandler
                0x000000000000036e                TIMER2_IRQHandler
                0x000000000000036e                COMP_LPCOMP_IRQHandler
                0x0000000000000370                nRFInitialize
 .init          0x0000000000000374       0x5c Output/Debug/Obj/twi_sensor_pca10056/ses_startup_nrf_common.o
                0x0000000000000374                Reset_Handler
                0x0000000000000378                afterInitialize
                0x000000000000039c                InitializeUserMemorySections
                0x00000000000003d0                __init_end__ = (__init_start__ + SIZEOF (.init))
                0x00000000000001d0                __init_size__ = SIZEOF (.init)
                0x00000000000003d0                __init_load_end__ = __init_end__
                0x0000000000000001                . = ASSERT (((__init_start__ == __init_end__) || ((__init_end__ - __FLASH_segment_start__) <= __FLASH_segment_size__)), error: .init is too large to fit in FLASH memory segment)
                0x00000000000003d0                __init_rodata_load_start__ = ALIGN (__init_end__, 0x4)

.init_rodata    0x00000000000003d0        0x0
                0x00000000000003d0                __init_rodata_start__ = .
 *(.init_rodata .init_rodata.*)
                0x00000000000003d0                __init_rodata_end__ = (__init_rodata_start__ + SIZEOF (.init_rodata))
                0x0000000000000000                __init_rodata_size__ = SIZEOF (.init_rodata)
                0x00000000000003d0                __init_rodata_load_end__ = __init_rodata_end__
                0x0000000000000001                . = ASSERT (((__init_rodata_start__ == __init_rodata_end__) || ((__init_rodata_end__ - __FLASH_segment_start__) <= __FLASH_segment_size__)), error: .init_rodata is too large to fit in FLASH memory segment)
                0x00000000000003d0                __text_load_start__ = ALIGN (__init_rodata_end__, 0x4)

.text           0x00000000000003d0     0x9ad0
                0x00000000000003d0                __text_start__ = .
 *(.text .text.* .glue_7t .glue_7 .gnu.linkonce.t.* .gcc_except_table .ARM.extab* .gnu.linkonce.armextab.*)
 .glue_7        0x00000000000003d0        0x0 linker stubs
 .glue_7t       0x00000000000003d0        0x0 linker stubs
 .text.__aeabi_read_tp
                0x00000000000003d0        0x8 Output/Debug/Obj/twi_sensor_pca10056/thumb_crt0.o
                0x00000000000003d0                __aeabi_read_tp
 .text.nrf_log_backend_serial_put
                0x00000000000003d8      0x124 Output/Debug/Obj/twi_sensor_pca10056/nrf_log_backend_serial.o
                0x00000000000003d8                nrf_log_backend_serial_put
 .text.nrf_drv_uart_uninit
                0x00000000000004fc       0x44 Output/Debug/Obj/twi_sensor_pca10056/nrf_log_backend_uart.o
 .text.nrf_drv_uart_tx
                0x0000000000000540       0x64 Output/Debug/Obj/twi_sensor_pca10056/nrf_log_backend_uart.o
 .text.uart_evt_handler
                0x00000000000005a4       0x18 Output/Debug/Obj/twi_sensor_pca10056/nrf_log_backend_uart.o
 .text.uart_init
                0x00000000000005bc       0x88 Output/Debug/Obj/twi_sensor_pca10056/nrf_log_backend_uart.o
 .text.serial_tx
                0x0000000000000644       0x6c Output/Debug/Obj/twi_sensor_pca10056/nrf_log_backend_uart.o
 .text.nrf_log_backend_uart_put
                0x00000000000006b0       0x28 Output/Debug/Obj/twi_sensor_pca10056/nrf_log_backend_uart.o
 .text.nrf_log_backend_uart_flush
                0x00000000000006d8        0xa Output/Debug/Obj/twi_sensor_pca10056/nrf_log_backend_uart.o
 *fill*         0x00000000000006e2        0x2 
 .text.nrf_log_backend_uart_panic_set
                0x00000000000006e4       0x20 Output/Debug/Obj/twi_sensor_pca10056/nrf_log_backend_uart.o
 .text.nrf_log_backend_put
                0x0000000000000704       0x1c Output/Debug/Obj/twi_sensor_pca10056/nrf_log_frontend.o
 .text.nrf_log_backend_panic_set
                0x0000000000000720       0x18 Output/Debug/Obj/twi_sensor_pca10056/nrf_log_frontend.o
 .text.nrf_log_backend_flush
                0x0000000000000738       0x18 Output/Debug/Obj/twi_sensor_pca10056/nrf_log_frontend.o
 .text.nrf_log_backend_enable
                0x0000000000000750       0x12 Output/Debug/Obj/twi_sensor_pca10056/nrf_log_frontend.o
 .text.nrf_log_backend_is_enabled
                0x0000000000000762       0x10 Output/Debug/Obj/twi_sensor_pca10056/nrf_log_frontend.o
 *fill*         0x0000000000000772        0x2 
 .text.nrf_log_module_cnt_get
                0x0000000000000774       0x14 Output/Debug/Obj/twi_sensor_pca10056/nrf_log_frontend.o
                0x0000000000000774                nrf_log_module_cnt_get
 .text.module_idx_get
                0x0000000000000788       0x64 Output/Debug/Obj/twi_sensor_pca10056/nrf_log_frontend.o
 .text.nrf_log_module_name_get
                0x00000000000007ec       0x40 Output/Debug/Obj/twi_sensor_pca10056/nrf_log_frontend.o
                0x00000000000007ec                nrf_log_module_name_get
 .text.nrf_log_color_id_get
                0x000000000000082c       0x70 Output/Debug/Obj/twi_sensor_pca10056/nrf_log_frontend.o
                0x000000000000082c                nrf_log_color_id_get
 .text.invalid_packets_omit
                0x000000000000089c       0x6e Output/Debug/Obj/twi_sensor_pca10056/nrf_log_frontend.o
 *fill*         0x000000000000090a        0x2 
 .text.log_skip
                0x000000000000090c      0x118 Output/Debug/Obj/twi_sensor_pca10056/nrf_log_frontend.o
 .text.dropped_sat16_get
                0x0000000000000a24       0x28 Output/Debug/Obj/twi_sensor_pca10056/nrf_log_frontend.o
 .text.std_header_set
                0x0000000000000a4c       0xb4 Output/Debug/Obj/twi_sensor_pca10056/nrf_log_frontend.o
 .text.buf_prealloc
                0x0000000000000b00      0x128 Output/Debug/Obj/twi_sensor_pca10056/nrf_log_frontend.o
 .text.std_n    0x0000000000000c28       0x94 Output/Debug/Obj/twi_sensor_pca10056/nrf_log_frontend.o
 .text.nrf_log_frontend_std_0
                0x0000000000000cbc       0x1c Output/Debug/Obj/twi_sensor_pca10056/nrf_log_frontend.o
                0x0000000000000cbc                nrf_log_frontend_std_0
 .text.nrf_log_frontend_std_1
                0x0000000000000cd8       0x22 Output/Debug/Obj/twi_sensor_pca10056/nrf_log_frontend.o
                0x0000000000000cd8                nrf_log_frontend_std_1
 .text.nrf_log_frontend_std_2
                0x0000000000000cfa       0x28 Output/Debug/Obj/twi_sensor_pca10056/nrf_log_frontend.o
                0x0000000000000cfa                nrf_log_frontend_std_2
 .text.nrf_log_frontend_std_5
                0x0000000000000d22       0x34 Output/Debug/Obj/twi_sensor_pca10056/nrf_log_frontend.o
                0x0000000000000d22                nrf_log_frontend_std_5
 *fill*         0x0000000000000d56        0x2 
 .text.buffer_is_empty
                0x0000000000000d58       0x1c Output/Debug/Obj/twi_sensor_pca10056/nrf_log_frontend.o
                0x0000000000000d58                buffer_is_empty
 .text.nrf_log_frontend_dequeue
                0x0000000000000d74      0x3a0 Output/Debug/Obj/twi_sensor_pca10056/nrf_log_frontend.o
                0x0000000000000d74                nrf_log_frontend_dequeue
 .text.nrf_log_panic
                0x0000000000001114       0x3c Output/Debug/Obj/twi_sensor_pca10056/nrf_log_frontend.o
                0x0000000000001114                nrf_log_panic
 .text.timestamp_print
                0x0000000000001150        0xc Output/Debug/Obj/twi_sensor_pca10056/nrf_log_str_formatter.o
 .text.prefix_process
                0x000000000000115c       0xb0 Output/Debug/Obj/twi_sensor_pca10056/nrf_log_str_formatter.o
 .text.postfix_process
                0x000000000000120c       0x60 Output/Debug/Obj/twi_sensor_pca10056/nrf_log_str_formatter.o
 .text.nrf_log_std_entry_process
                0x000000000000126c      0x144 Output/Debug/Obj/twi_sensor_pca10056/nrf_log_str_formatter.o
                0x000000000000126c                nrf_log_std_entry_process
 .text.nrf_log_hexdump_entry_process
                0x00000000000013b0       0xf0 Output/Debug/Obj/twi_sensor_pca10056/nrf_log_str_formatter.o
                0x00000000000013b0                nrf_log_hexdump_entry_process
 .text.app_error_save_and_stop
                0x00000000000014a0       0x98 Output/Debug/Obj/twi_sensor_pca10056/app_error.o
                0x00000000000014a0                app_error_save_and_stop
 .text.app_error_handler
                0x0000000000001538       0x1c Output/Debug/Obj/twi_sensor_pca10056/app_error_handler_gcc.o
                0x0000000000001538                app_error_handler
 .text.app_error_fault_handler
                0x0000000000001554      0x104 Output/Debug/Obj/twi_sensor_pca10056/app_error_weak.o
                0x0000000000001554                app_error_fault_handler
 .text.app_util_disable_irq
                0x0000000000001658       0x18 Output/Debug/Obj/twi_sensor_pca10056/app_util_platform.o
                0x0000000000001658                app_util_disable_irq
 .text.app_util_enable_irq
                0x0000000000001670       0x20 Output/Debug/Obj/twi_sensor_pca10056/app_util_platform.o
                0x0000000000001670                app_util_enable_irq
 .text.app_util_critical_region_enter
                0x0000000000001690       0x28 Output/Debug/Obj/twi_sensor_pca10056/app_util_platform.o
                0x0000000000001690                app_util_critical_region_enter
 .text.app_util_critical_region_exit
                0x00000000000016b8       0x2c Output/Debug/Obj/twi_sensor_pca10056/app_util_platform.o
                0x00000000000016b8                app_util_critical_region_exit
 .text.privilege_level_get
                0x00000000000016e4       0x3a Output/Debug/Obj/twi_sensor_pca10056/app_util_platform.o
                0x00000000000016e4                privilege_level_get
 .text.assert_nrf_callback
                0x000000000000171e       0x2c Output/Debug/Obj/twi_sensor_pca10056/nrf_assert.o
                0x000000000000171e                assert_nrf_callback
 .text.nrf_atomic_u32_fetch_store
                0x000000000000174a       0x2e Output/Debug/Obj/twi_sensor_pca10056/nrf_atomic.o
                0x000000000000174a                nrf_atomic_u32_fetch_store
 .text.nrf_atomic_u32_or
                0x0000000000001778       0x30 Output/Debug/Obj/twi_sensor_pca10056/nrf_atomic.o
                0x0000000000001778                nrf_atomic_u32_or
 .text.nrf_atomic_u32_fetch_and
                0x00000000000017a8       0x30 Output/Debug/Obj/twi_sensor_pca10056/nrf_atomic.o
                0x00000000000017a8                nrf_atomic_u32_fetch_and
 .text.nrf_atomic_u32_add
                0x00000000000017d8       0x30 Output/Debug/Obj/twi_sensor_pca10056/nrf_atomic.o
                0x00000000000017d8                nrf_atomic_u32_add
 .text.nrf_atomic_u32_sub
                0x0000000000001808       0x30 Output/Debug/Obj/twi_sensor_pca10056/nrf_atomic.o
                0x0000000000001808                nrf_atomic_u32_sub
 .text.nrf_atomic_flag_set
                0x0000000000001838       0x18 Output/Debug/Obj/twi_sensor_pca10056/nrf_atomic.o
                0x0000000000001838                nrf_atomic_flag_set
 .text.nrf_atomic_flag_clear_fetch
                0x0000000000001850       0x18 Output/Debug/Obj/twi_sensor_pca10056/nrf_atomic.o
                0x0000000000001850                nrf_atomic_flag_clear_fetch
 .text.nrf_balloc_idx2block
                0x0000000000001868       0x38 Output/Debug/Obj/twi_sensor_pca10056/nrf_balloc.o
 .text.nrf_balloc_block2idx
                0x00000000000018a0       0x34 Output/Debug/Obj/twi_sensor_pca10056/nrf_balloc.o
 .text.nrf_balloc_alloc
                0x00000000000018d4       0x84 Output/Debug/Obj/twi_sensor_pca10056/nrf_balloc.o
                0x00000000000018d4                nrf_balloc_alloc
 .text.nrf_balloc_free
                0x0000000000001958       0x58 Output/Debug/Obj/twi_sensor_pca10056/nrf_balloc.o
                0x0000000000001958                nrf_balloc_free
 .text.nrf_fprintf_buffer_flush
                0x00000000000019b0       0x44 Output/Debug/Obj/twi_sensor_pca10056/nrf_fprintf.o
                0x00000000000019b0                nrf_fprintf_buffer_flush
 .text.nrf_fprintf
                0x00000000000019f4       0x74 Output/Debug/Obj/twi_sensor_pca10056/nrf_fprintf.o
                0x00000000000019f4                nrf_fprintf
 .text.buffer_add
                0x0000000000001a68       0x4c Output/Debug/Obj/twi_sensor_pca10056/nrf_fprintf_format.o
 .text.string_print
                0x0000000000001ab4       0xc2 Output/Debug/Obj/twi_sensor_pca10056/nrf_fprintf_format.o
 *fill*         0x0000000000001b76        0x2 
 .text.unsigned_print
                0x0000000000001b78      0x130 Output/Debug/Obj/twi_sensor_pca10056/nrf_fprintf_format.o
 .text.int_print
                0x0000000000001ca8      0x11c Output/Debug/Obj/twi_sensor_pca10056/nrf_fprintf_format.o
 .text.nrf_fprintf_fmt
                0x0000000000001dc4      0x388 Output/Debug/Obj/twi_sensor_pca10056/nrf_fprintf_format.o
                0x0000000000001dc4                nrf_fprintf_fmt
 .text.nrf_memobj_alloc
                0x000000000000214c       0xae Output/Debug/Obj/twi_sensor_pca10056/nrf_memobj.o
                0x000000000000214c                nrf_memobj_alloc
 .text.nrf_memobj_free
                0x00000000000021fa       0x74 Output/Debug/Obj/twi_sensor_pca10056/nrf_memobj.o
                0x00000000000021fa                nrf_memobj_free
 .text.nrf_memobj_get
                0x000000000000226e       0x1e Output/Debug/Obj/twi_sensor_pca10056/nrf_memobj.o
                0x000000000000226e                nrf_memobj_get
 .text.nrf_memobj_put
                0x000000000000228c       0x34 Output/Debug/Obj/twi_sensor_pca10056/nrf_memobj.o
                0x000000000000228c                nrf_memobj_put
 .text.memobj_op
                0x00000000000022c0      0x124 Output/Debug/Obj/twi_sensor_pca10056/nrf_memobj.o
 .text.nrf_memobj_write
                0x00000000000023e4       0x3c Output/Debug/Obj/twi_sensor_pca10056/nrf_memobj.o
                0x00000000000023e4                nrf_memobj_write
 .text.nrf_memobj_read
                0x0000000000002420       0x40 Output/Debug/Obj/twi_sensor_pca10056/nrf_memobj.o
                0x0000000000002420                nrf_memobj_read
 .text.nrf_strerror_get
                0x0000000000002460       0x28 Output/Debug/Obj/twi_sensor_pca10056/nrf_strerror.o
                0x0000000000002460                nrf_strerror_get
 .text.nrf_strerror_find
                0x0000000000002488       0x68 Output/Debug/Obj/twi_sensor_pca10056/nrf_strerror.o
                0x0000000000002488                nrf_strerror_find
 .text.nrfx_coredep_delay_us
                0x00000000000024f0       0x30 Output/Debug/Obj/twi_sensor_pca10056/nrf_drv_twi.o
 .text.nrf_gpio_pin_port_decode
                0x0000000000002520       0x4c Output/Debug/Obj/twi_sensor_pca10056/nrf_drv_twi.o
 .text.nrf_gpio_pin_set
                0x000000000000256c       0x28 Output/Debug/Obj/twi_sensor_pca10056/nrf_drv_twi.o
 .text.nrf_gpio_pin_clear
                0x0000000000002594       0x28 Output/Debug/Obj/twi_sensor_pca10056/nrf_drv_twi.o
 .text.nrf_gpio_pin_read
                0x00000000000025bc       0x2a Output/Debug/Obj/twi_sensor_pca10056/nrf_drv_twi.o
 .text.nrf_gpio_port_in_read
                0x00000000000025e6       0x10 Output/Debug/Obj/twi_sensor_pca10056/nrf_drv_twi.o
 .text.nrf_gpio_port_out_set
                0x00000000000025f6       0x14 Output/Debug/Obj/twi_sensor_pca10056/nrf_drv_twi.o
 .text.nrf_gpio_port_out_clear
                0x000000000000260a       0x14 Output/Debug/Obj/twi_sensor_pca10056/nrf_drv_twi.o
 .text.nrf_gpio_pin_present_check
                0x000000000000261e       0x50 Output/Debug/Obj/twi_sensor_pca10056/nrf_drv_twi.o
 .text.twi_clear_bus
                0x000000000000266e       0xde Output/Debug/Obj/twi_sensor_pca10056/nrf_drv_twi.o
 .text.twim_evt_handler
                0x000000000000274c       0x6c Output/Debug/Obj/twi_sensor_pca10056/nrf_drv_twi.o
 .text.nrf_drv_twi_init
                0x00000000000027b8       0x68 Output/Debug/Obj/twi_sensor_pca10056/nrf_drv_twi.o
                0x00000000000027b8                nrf_drv_twi_init
 .text.uarte_evt_handler
                0x0000000000002820       0x50 Output/Debug/Obj/twi_sensor_pca10056/nrf_drv_uart.o
 .text.uart_evt_handler
                0x0000000000002870       0x50 Output/Debug/Obj/twi_sensor_pca10056/nrf_drv_uart.o
 .text.nrf_drv_uart_init
                0x00000000000028c0       0xdc Output/Debug/Obj/twi_sensor_pca10056/nrf_drv_uart.o
                0x00000000000028c0                nrf_drv_uart_init
 .text.UARTE0_UART0_IRQHandler
                0x000000000000299c       0x24 Output/Debug/Obj/twi_sensor_pca10056/nrfx_prs.o
                0x000000000000299c                UARTE0_UART0_IRQHandler
 .text.prs_box_get
                0x00000000000029c0       0x20 Output/Debug/Obj/twi_sensor_pca10056/nrfx_prs.o
 .text.nrfx_prs_acquire
                0x00000000000029e0       0x74 Output/Debug/Obj/twi_sensor_pca10056/nrfx_prs.o
                0x00000000000029e0                nrfx_prs_acquire
 .text.nrfx_prs_release
                0x0000000000002a54       0x3c Output/Debug/Obj/twi_sensor_pca10056/nrfx_prs.o
                0x0000000000002a54                nrfx_prs_release
 .text.__NVIC_EnableIRQ
                0x0000000000002a90       0x34 Output/Debug/Obj/twi_sensor_pca10056/nrfx_uart.o
 .text.__NVIC_DisableIRQ
                0x0000000000002ac4       0x44 Output/Debug/Obj/twi_sensor_pca10056/nrfx_uart.o
 .text.__NVIC_SetPriority
                0x0000000000002b08       0x50 Output/Debug/Obj/twi_sensor_pca10056/nrfx_uart.o
 .text.nrfx_get_irq_number
                0x0000000000002b58       0x10 Output/Debug/Obj/twi_sensor_pca10056/nrfx_uart.o
 .text._NRFX_IRQ_PRIORITY_SET
                0x0000000000002b68       0x40 Output/Debug/Obj/twi_sensor_pca10056/nrfx_uart.o
 .text._NRFX_IRQ_ENABLE
                0x0000000000002ba8       0x1c Output/Debug/Obj/twi_sensor_pca10056/nrfx_uart.o
 .text._NRFX_IRQ_DISABLE
                0x0000000000002bc4       0x1c Output/Debug/Obj/twi_sensor_pca10056/nrfx_uart.o
 .text.nrf_uart_event_clear
                0x0000000000002be0       0x2a Output/Debug/Obj/twi_sensor_pca10056/nrfx_uart.o
 .text.nrf_uart_event_check
                0x0000000000002c0a       0x24 Output/Debug/Obj/twi_sensor_pca10056/nrfx_uart.o
 .text.nrf_uart_int_enable
                0x0000000000002c2e       0x14 Output/Debug/Obj/twi_sensor_pca10056/nrfx_uart.o
 .text.nrf_uart_int_enable_check
                0x0000000000002c42       0x20 Output/Debug/Obj/twi_sensor_pca10056/nrfx_uart.o
 .text.nrf_uart_int_disable
                0x0000000000002c62       0x14 Output/Debug/Obj/twi_sensor_pca10056/nrfx_uart.o
 .text.nrf_uart_errorsrc_get_and_clear
                0x0000000000002c76       0x1c Output/Debug/Obj/twi_sensor_pca10056/nrfx_uart.o
 .text.nrf_uart_enable
                0x0000000000002c92       0x12 Output/Debug/Obj/twi_sensor_pca10056/nrfx_uart.o
 .text.nrf_uart_disable
                0x0000000000002ca4       0x12 Output/Debug/Obj/twi_sensor_pca10056/nrfx_uart.o
 .text.nrf_uart_txrx_pins_set
                0x0000000000002cb6       0x1e Output/Debug/Obj/twi_sensor_pca10056/nrfx_uart.o
 .text.nrf_uart_txrx_pins_disconnect
                0x0000000000002cd4       0x1c Output/Debug/Obj/twi_sensor_pca10056/nrfx_uart.o
 .text.nrf_uart_tx_pin_get
                0x0000000000002cf0       0x10 Output/Debug/Obj/twi_sensor_pca10056/nrfx_uart.o
 .text.nrf_uart_rx_pin_get
                0x0000000000002d00       0x10 Output/Debug/Obj/twi_sensor_pca10056/nrfx_uart.o
 .text.nrf_uart_rts_pin_get
                0x0000000000002d10       0x10 Output/Debug/Obj/twi_sensor_pca10056/nrfx_uart.o
 .text.nrf_uart_cts_pin_get
                0x0000000000002d20       0x10 Output/Debug/Obj/twi_sensor_pca10056/nrfx_uart.o
 .text.nrf_uart_hwfc_pins_set
                0x0000000000002d30       0x1e Output/Debug/Obj/twi_sensor_pca10056/nrfx_uart.o
 .text.nrf_uart_hwfc_pins_disconnect
                0x0000000000002d4e       0x1c Output/Debug/Obj/twi_sensor_pca10056/nrfx_uart.o
 .text.nrf_uart_rxd_get
                0x0000000000002d6a       0x12 Output/Debug/Obj/twi_sensor_pca10056/nrfx_uart.o
 .text.nrf_uart_txd_set
                0x0000000000002d7c       0x1a Output/Debug/Obj/twi_sensor_pca10056/nrfx_uart.o
 .text.nrf_uart_task_trigger
                0x0000000000002d96       0x1c Output/Debug/Obj/twi_sensor_pca10056/nrfx_uart.o
 .text.nrf_uart_configure
                0x0000000000002db2       0x2a Output/Debug/Obj/twi_sensor_pca10056/nrfx_uart.o
 .text.nrf_uart_baudrate_set
                0x0000000000002ddc       0x14 Output/Debug/Obj/twi_sensor_pca10056/nrfx_uart.o
 .text.nrf_gpio_pin_port_decode
                0x0000000000002df0       0x4c Output/Debug/Obj/twi_sensor_pca10056/nrfx_uart.o
 .text.nrf_gpio_cfg
                0x0000000000002e3c       0x62 Output/Debug/Obj/twi_sensor_pca10056/nrfx_uart.o
 .text.nrf_gpio_cfg_output
                0x0000000000002e9e       0x22 Output/Debug/Obj/twi_sensor_pca10056/nrfx_uart.o
 .text.nrf_gpio_cfg_input
                0x0000000000002ec0       0x2a Output/Debug/Obj/twi_sensor_pca10056/nrfx_uart.o
 .text.nrf_gpio_cfg_default
                0x0000000000002eea       0x22 Output/Debug/Obj/twi_sensor_pca10056/nrfx_uart.o
 .text.nrf_gpio_pin_set
                0x0000000000002f0c       0x28 Output/Debug/Obj/twi_sensor_pca10056/nrfx_uart.o
 .text.nrf_gpio_port_out_set
                0x0000000000002f34       0x14 Output/Debug/Obj/twi_sensor_pca10056/nrfx_uart.o
 .text.nrf_gpio_pin_present_check
                0x0000000000002f48       0x50 Output/Debug/Obj/twi_sensor_pca10056/nrfx_uart.o
 .text.apply_config
                0x0000000000002f98       0xc6 Output/Debug/Obj/twi_sensor_pca10056/nrfx_uart.o
 *fill*         0x000000000000305e        0x2 
 .text.interrupts_enable
                0x0000000000003060       0x6c Output/Debug/Obj/twi_sensor_pca10056/nrfx_uart.o
 .text.interrupts_disable
                0x00000000000030cc       0x30 Output/Debug/Obj/twi_sensor_pca10056/nrfx_uart.o
 .text.pins_to_default
                0x00000000000030fc       0x8a Output/Debug/Obj/twi_sensor_pca10056/nrfx_uart.o
 *fill*         0x0000000000003186        0x2 
 .text.nrfx_uart_init
                0x0000000000003188       0xd4 Output/Debug/Obj/twi_sensor_pca10056/nrfx_uart.o
                0x0000000000003188                nrfx_uart_init
 .text.nrfx_uart_uninit
                0x000000000000325c       0x5c Output/Debug/Obj/twi_sensor_pca10056/nrfx_uart.o
                0x000000000000325c                nrfx_uart_uninit
 .text.tx_byte  0x00000000000032b8       0x40 Output/Debug/Obj/twi_sensor_pca10056/nrfx_uart.o
 .text.tx_blocking
                0x00000000000032f8       0x52 Output/Debug/Obj/twi_sensor_pca10056/nrfx_uart.o
 *fill*         0x000000000000334a        0x2 
 .text.nrfx_uart_tx
                0x000000000000334c      0x110 Output/Debug/Obj/twi_sensor_pca10056/nrfx_uart.o
                0x000000000000334c                nrfx_uart_tx
 .text.nrfx_uart_tx_in_progress
                0x000000000000345c       0x2c Output/Debug/Obj/twi_sensor_pca10056/nrfx_uart.o
                0x000000000000345c                nrfx_uart_tx_in_progress
 .text.rx_byte  0x0000000000003488       0x4e Output/Debug/Obj/twi_sensor_pca10056/nrfx_uart.o
 .text.rx_done_event
                0x00000000000034d6       0x2e Output/Debug/Obj/twi_sensor_pca10056/nrfx_uart.o
 .text.tx_done_event
                0x0000000000003504       0x34 Output/Debug/Obj/twi_sensor_pca10056/nrfx_uart.o
 .text.uart_irq_handler
                0x0000000000003538      0x1de Output/Debug/Obj/twi_sensor_pca10056/nrfx_uart.o
 *fill*         0x0000000000003716        0x2 
 .text.nrfx_uart_0_irq_handler
                0x0000000000003718       0x18 Output/Debug/Obj/twi_sensor_pca10056/nrfx_uart.o
                0x0000000000003718                nrfx_uart_0_irq_handler
 .text.__NVIC_EnableIRQ
                0x0000000000003730       0x34 Output/Debug/Obj/twi_sensor_pca10056/nrfx_uarte.o
 .text.__NVIC_DisableIRQ
                0x0000000000003764       0x44 Output/Debug/Obj/twi_sensor_pca10056/nrfx_uarte.o
 .text.__NVIC_SetPriority
                0x00000000000037a8       0x50 Output/Debug/Obj/twi_sensor_pca10056/nrfx_uarte.o
 .text.nrfx_is_in_ram
                0x00000000000037f8       0x1c Output/Debug/Obj/twi_sensor_pca10056/nrfx_uarte.o
 .text.nrfx_get_irq_number
                0x0000000000003814       0x10 Output/Debug/Obj/twi_sensor_pca10056/nrfx_uarte.o
 .text._NRFX_IRQ_PRIORITY_SET
                0x0000000000003824       0x40 Output/Debug/Obj/twi_sensor_pca10056/nrfx_uarte.o
 .text._NRFX_IRQ_ENABLE
                0x0000000000003864       0x1c Output/Debug/Obj/twi_sensor_pca10056/nrfx_uarte.o
 .text._NRFX_IRQ_DISABLE
                0x0000000000003880       0x1c Output/Debug/Obj/twi_sensor_pca10056/nrfx_uarte.o
 .text.nrf_uarte_event_clear
                0x000000000000389c       0x2a Output/Debug/Obj/twi_sensor_pca10056/nrfx_uarte.o
 .text.nrf_uarte_event_check
                0x00000000000038c6       0x24 Output/Debug/Obj/twi_sensor_pca10056/nrfx_uarte.o
 .text.nrf_uarte_shorts_disable
                0x00000000000038ea       0x1e Output/Debug/Obj/twi_sensor_pca10056/nrfx_uarte.o
 .text.nrf_uarte_int_enable
                0x0000000000003908       0x14 Output/Debug/Obj/twi_sensor_pca10056/nrfx_uarte.o
 .text.nrf_uarte_int_disable
                0x000000000000391c       0x14 Output/Debug/Obj/twi_sensor_pca10056/nrfx_uarte.o
 .text.nrf_uarte_errorsrc_get_and_clear
                0x0000000000003930       0x1c Output/Debug/Obj/twi_sensor_pca10056/nrfx_uarte.o
 .text.nrf_uarte_enable
                0x000000000000394c       0x12 Output/Debug/Obj/twi_sensor_pca10056/nrfx_uarte.o
 .text.nrf_uarte_disable
                0x000000000000395e       0x12 Output/Debug/Obj/twi_sensor_pca10056/nrfx_uarte.o
 .text.nrf_uarte_txrx_pins_set
                0x0000000000003970       0x1e Output/Debug/Obj/twi_sensor_pca10056/nrfx_uarte.o
 .text.nrf_uarte_txrx_pins_disconnect
                0x000000000000398e       0x1c Output/Debug/Obj/twi_sensor_pca10056/nrfx_uarte.o
 .text.nrf_uarte_tx_pin_get
                0x00000000000039aa       0x10 Output/Debug/Obj/twi_sensor_pca10056/nrfx_uarte.o
 .text.nrf_uarte_rx_pin_get
                0x00000000000039ba       0x10 Output/Debug/Obj/twi_sensor_pca10056/nrfx_uarte.o
 .text.nrf_uarte_rts_pin_get
                0x00000000000039ca       0x10 Output/Debug/Obj/twi_sensor_pca10056/nrfx_uarte.o
 .text.nrf_uarte_cts_pin_get
                0x00000000000039da       0x10 Output/Debug/Obj/twi_sensor_pca10056/nrfx_uarte.o
 .text.nrf_uarte_hwfc_pins_set
                0x00000000000039ea       0x1e Output/Debug/Obj/twi_sensor_pca10056/nrfx_uarte.o
 .text.nrf_uarte_hwfc_pins_disconnect
                0x0000000000003a08       0x1c Output/Debug/Obj/twi_sensor_pca10056/nrfx_uarte.o
 .text.nrf_uarte_task_trigger
                0x0000000000003a24       0x1c Output/Debug/Obj/twi_sensor_pca10056/nrfx_uarte.o
 .text.nrf_uarte_configure
                0x0000000000003a40       0x2a Output/Debug/Obj/twi_sensor_pca10056/nrfx_uarte.o
 .text.nrf_uarte_baudrate_set
                0x0000000000003a6a       0x14 Output/Debug/Obj/twi_sensor_pca10056/nrfx_uarte.o
 .text.nrf_uarte_tx_buffer_set
                0x0000000000003a7e       0x1e Output/Debug/Obj/twi_sensor_pca10056/nrfx_uarte.o
 .text.nrf_uarte_tx_amount_get
                0x0000000000003a9c       0x10 Output/Debug/Obj/twi_sensor_pca10056/nrfx_uarte.o
 .text.nrf_uarte_rx_amount_get
                0x0000000000003aac       0x10 Output/Debug/Obj/twi_sensor_pca10056/nrfx_uarte.o
 .text.nrf_gpio_pin_port_decode
                0x0000000000003abc       0x4c Output/Debug/Obj/twi_sensor_pca10056/nrfx_uarte.o
 .text.nrf_gpio_cfg
                0x0000000000003b08       0x62 Output/Debug/Obj/twi_sensor_pca10056/nrfx_uarte.o
 .text.nrf_gpio_cfg_output
                0x0000000000003b6a       0x22 Output/Debug/Obj/twi_sensor_pca10056/nrfx_uarte.o
 .text.nrf_gpio_cfg_input
                0x0000000000003b8c       0x2a Output/Debug/Obj/twi_sensor_pca10056/nrfx_uarte.o
 .text.nrf_gpio_cfg_default
                0x0000000000003bb6       0x22 Output/Debug/Obj/twi_sensor_pca10056/nrfx_uarte.o
 .text.nrf_gpio_pin_set
                0x0000000000003bd8       0x28 Output/Debug/Obj/twi_sensor_pca10056/nrfx_uarte.o
 .text.nrf_gpio_port_out_set
                0x0000000000003c00       0x14 Output/Debug/Obj/twi_sensor_pca10056/nrfx_uarte.o
 .text.nrf_gpio_pin_present_check
                0x0000000000003c14       0x50 Output/Debug/Obj/twi_sensor_pca10056/nrfx_uarte.o
 .text.apply_config
                0x0000000000003c64       0xc6 Output/Debug/Obj/twi_sensor_pca10056/nrfx_uarte.o
 *fill*         0x0000000000003d2a        0x2 
 .text.interrupts_enable
                0x0000000000003d2c       0x98 Output/Debug/Obj/twi_sensor_pca10056/nrfx_uarte.o
 .text.interrupts_disable
                0x0000000000003dc4       0x30 Output/Debug/Obj/twi_sensor_pca10056/nrfx_uarte.o
 .text.pins_to_default
                0x0000000000003df4       0x8a Output/Debug/Obj/twi_sensor_pca10056/nrfx_uarte.o
 *fill*         0x0000000000003e7e        0x2 
 .text.nrfx_uarte_init
                0x0000000000003e80       0xcc Output/Debug/Obj/twi_sensor_pca10056/nrfx_uarte.o
                0x0000000000003e80                nrfx_uarte_init
 .text.nrfx_uarte_uninit
                0x0000000000003f4c       0xc4 Output/Debug/Obj/twi_sensor_pca10056/nrfx_uarte.o
                0x0000000000003f4c                nrfx_uarte_uninit
 .text.nrfx_uarte_tx
                0x0000000000004010      0x180 Output/Debug/Obj/twi_sensor_pca10056/nrfx_uarte.o
                0x0000000000004010                nrfx_uarte_tx
 .text.nrfx_uarte_tx_in_progress
                0x0000000000004190       0x30 Output/Debug/Obj/twi_sensor_pca10056/nrfx_uarte.o
                0x0000000000004190                nrfx_uarte_tx_in_progress
 .text.rx_done_event
                0x00000000000041c0       0x2e Output/Debug/Obj/twi_sensor_pca10056/nrfx_uarte.o
 .text.tx_done_event
                0x00000000000041ee       0x34 Output/Debug/Obj/twi_sensor_pca10056/nrfx_uarte.o
 .text.uarte_irq_handler
                0x0000000000004222      0x18c Output/Debug/Obj/twi_sensor_pca10056/nrfx_uarte.o
 *fill*         0x00000000000043ae        0x2 
 .text.nrfx_uarte_0_irq_handler
                0x00000000000043b0       0x18 Output/Debug/Obj/twi_sensor_pca10056/nrfx_uarte.o
                0x00000000000043b0                nrfx_uarte_0_irq_handler
 .text.spim_evt_handler
                0x00000000000043c8       0x5c Output/Debug/Obj/twi_sensor_pca10056/nrf_drv_spi.o
 .text.nrf_drv_spi_init
                0x0000000000004424       0xac Output/Debug/Obj/twi_sensor_pca10056/nrf_drv_spi.o
                0x0000000000004424                nrf_drv_spi_init
 .text.__NVIC_EnableIRQ
                0x00000000000044d0       0x34 Output/Debug/Obj/twi_sensor_pca10056/nrfx_spim.o
 .text.__NVIC_SetPriority
                0x0000000000004504       0x50 Output/Debug/Obj/twi_sensor_pca10056/nrfx_spim.o
 .text.nrfx_is_in_ram
                0x0000000000004554       0x1c Output/Debug/Obj/twi_sensor_pca10056/nrfx_spim.o
 .text.nrfx_get_irq_number
                0x0000000000004570       0x10 Output/Debug/Obj/twi_sensor_pca10056/nrfx_spim.o
 .text._NRFX_IRQ_PRIORITY_SET
                0x0000000000004580       0x40 Output/Debug/Obj/twi_sensor_pca10056/nrfx_spim.o
 .text._NRFX_IRQ_ENABLE
                0x00000000000045c0       0x1c Output/Debug/Obj/twi_sensor_pca10056/nrfx_spim.o
 .text.nrf_spim_task_trigger
                0x00000000000045dc       0x1c Output/Debug/Obj/twi_sensor_pca10056/nrfx_spim.o
 .text.nrf_spim_event_clear
                0x00000000000045f8       0x2a Output/Debug/Obj/twi_sensor_pca10056/nrfx_spim.o
 .text.nrf_spim_event_check
                0x0000000000004622       0x24 Output/Debug/Obj/twi_sensor_pca10056/nrfx_spim.o
 .text.nrf_spim_int_enable
                0x0000000000004646       0x14 Output/Debug/Obj/twi_sensor_pca10056/nrfx_spim.o
 .text.nrf_spim_int_disable
                0x000000000000465a       0x14 Output/Debug/Obj/twi_sensor_pca10056/nrfx_spim.o
 .text.nrf_spim_enable
                0x000000000000466e       0x12 Output/Debug/Obj/twi_sensor_pca10056/nrfx_spim.o
 .text.nrf_spim_pins_set
                0x0000000000004680       0x28 Output/Debug/Obj/twi_sensor_pca10056/nrfx_spim.o
 .text.nrf_spim_frequency_set
                0x00000000000046a8       0x14 Output/Debug/Obj/twi_sensor_pca10056/nrfx_spim.o
 .text.nrf_spim_tx_buffer_set
                0x00000000000046bc       0x1e Output/Debug/Obj/twi_sensor_pca10056/nrfx_spim.o
 .text.nrf_spim_rx_buffer_set
                0x00000000000046da       0x1e Output/Debug/Obj/twi_sensor_pca10056/nrfx_spim.o
 .text.nrf_spim_configure
                0x00000000000046f8       0x64 Output/Debug/Obj/twi_sensor_pca10056/nrfx_spim.o
 .text.nrf_spim_orc_set
                0x000000000000475c       0x1a Output/Debug/Obj/twi_sensor_pca10056/nrfx_spim.o
 .text.nrf_spim_tx_list_enable
                0x0000000000004776       0x12 Output/Debug/Obj/twi_sensor_pca10056/nrfx_spim.o
 .text.nrf_spim_tx_list_disable
                0x0000000000004788       0x12 Output/Debug/Obj/twi_sensor_pca10056/nrfx_spim.o
 .text.nrf_spim_rx_list_enable
                0x000000000000479a       0x12 Output/Debug/Obj/twi_sensor_pca10056/nrfx_spim.o
 .text.nrf_spim_rx_list_disable
                0x00000000000047ac       0x12 Output/Debug/Obj/twi_sensor_pca10056/nrfx_spim.o
 *fill*         0x00000000000047be        0x2 
 .text.nrf_gpio_pin_port_decode
                0x00000000000047c0       0x4c Output/Debug/Obj/twi_sensor_pca10056/nrfx_spim.o
 .text.nrf_gpio_cfg
                0x000000000000480c       0x62 Output/Debug/Obj/twi_sensor_pca10056/nrfx_spim.o
 .text.nrf_gpio_cfg_output
                0x000000000000486e       0x22 Output/Debug/Obj/twi_sensor_pca10056/nrfx_spim.o
 .text.nrf_gpio_cfg_input
                0x0000000000004890       0x2a Output/Debug/Obj/twi_sensor_pca10056/nrfx_spim.o
 .text.nrf_gpio_pin_set
                0x00000000000048ba       0x28 Output/Debug/Obj/twi_sensor_pca10056/nrfx_spim.o
 .text.nrf_gpio_pin_clear
                0x00000000000048e2       0x28 Output/Debug/Obj/twi_sensor_pca10056/nrfx_spim.o
 .text.nrf_gpio_port_out_set
                0x000000000000490a       0x14 Output/Debug/Obj/twi_sensor_pca10056/nrfx_spim.o
 .text.nrf_gpio_port_out_clear
                0x000000000000491e       0x14 Output/Debug/Obj/twi_sensor_pca10056/nrfx_spim.o
 .text.nrf_gpio_pin_present_check
                0x0000000000004932       0x50 Output/Debug/Obj/twi_sensor_pca10056/nrfx_spim.o
 *fill*         0x0000000000004982        0x2 
 .text.nrfx_spim_init
                0x0000000000004984      0x1d0 Output/Debug/Obj/twi_sensor_pca10056/nrfx_spim.o
                0x0000000000004984                nrfx_spim_init
 .text.finish_transfer
                0x0000000000004b54       0x52 Output/Debug/Obj/twi_sensor_pca10056/nrfx_spim.o
 .text.spim_int_enable
                0x0000000000004ba6       0x34 Output/Debug/Obj/twi_sensor_pca10056/nrfx_spim.o
 .text.spim_list_enable_handle
                0x0000000000004bda       0x40 Output/Debug/Obj/twi_sensor_pca10056/nrfx_spim.o
 .text.spim_xfer
                0x0000000000004c1a      0x108 Output/Debug/Obj/twi_sensor_pca10056/nrfx_spim.o
 *fill*         0x0000000000004d22        0x2 
 .text.nrfx_spim_xfer
                0x0000000000004d24      0x10c Output/Debug/Obj/twi_sensor_pca10056/nrfx_spim.o
                0x0000000000004d24                nrfx_spim_xfer
 .text.irq_handler
                0x0000000000004e30       0x48 Output/Debug/Obj/twi_sensor_pca10056/nrfx_spim.o
 .text.SPIM1_SPIS1_TWIM1_TWIS1_SPI1_TWI1_IRQHandler
                0x0000000000004e78       0x14 Output/Debug/Obj/twi_sensor_pca10056/nrfx_spim.o
                0x0000000000004e78                SPIM1_SPIS1_TWIM1_TWIS1_SPI1_TWI1_IRQHandler
 .text.__NVIC_EnableIRQ
                0x0000000000004e8c       0x34 Output/Debug/Obj/twi_sensor_pca10056/nrfx_twim.o
 .text.__NVIC_ClearPendingIRQ
                0x0000000000004ec0       0x38 Output/Debug/Obj/twi_sensor_pca10056/nrfx_twim.o
 .text.__NVIC_SetPriority
                0x0000000000004ef8       0x50 Output/Debug/Obj/twi_sensor_pca10056/nrfx_twim.o
 .text.nrfx_is_in_ram
                0x0000000000004f48       0x1c Output/Debug/Obj/twi_sensor_pca10056/nrfx_twim.o
 .text.nrfx_get_irq_number
                0x0000000000004f64       0x10 Output/Debug/Obj/twi_sensor_pca10056/nrfx_twim.o
 .text._NRFX_IRQ_PRIORITY_SET
                0x0000000000004f74       0x40 Output/Debug/Obj/twi_sensor_pca10056/nrfx_twim.o
 .text._NRFX_IRQ_ENABLE
                0x0000000000004fb4       0x1c Output/Debug/Obj/twi_sensor_pca10056/nrfx_twim.o
 .text._NRFX_IRQ_PENDING_CLEAR
                0x0000000000004fd0       0x1c Output/Debug/Obj/twi_sensor_pca10056/nrfx_twim.o
 .text.nrf_twim_task_trigger
                0x0000000000004fec       0x1c Output/Debug/Obj/twi_sensor_pca10056/nrfx_twim.o
 .text.nrf_twim_event_clear
                0x0000000000005008       0x2a Output/Debug/Obj/twi_sensor_pca10056/nrfx_twim.o
 .text.nrf_twim_event_check
                0x0000000000005032       0x24 Output/Debug/Obj/twi_sensor_pca10056/nrfx_twim.o
 .text.nrf_twim_int_enable
                0x0000000000005056       0x14 Output/Debug/Obj/twi_sensor_pca10056/nrfx_twim.o
 .text.nrf_twim_int_disable
                0x000000000000506a       0x14 Output/Debug/Obj/twi_sensor_pca10056/nrfx_twim.o
 .text.nrf_twim_enable
                0x000000000000507e       0x12 Output/Debug/Obj/twi_sensor_pca10056/nrfx_twim.o
 .text.nrf_twim_disable
                0x0000000000005090       0x12 Output/Debug/Obj/twi_sensor_pca10056/nrfx_twim.o
 .text.nrf_twim_pins_set
                0x00000000000050a2       0x1e Output/Debug/Obj/twi_sensor_pca10056/nrfx_twim.o
 .text.nrf_twim_frequency_set
                0x00000000000050c0       0x14 Output/Debug/Obj/twi_sensor_pca10056/nrfx_twim.o
 .text.nrf_twim_errorsrc_get_and_clear
                0x00000000000050d4       0x1c Output/Debug/Obj/twi_sensor_pca10056/nrfx_twim.o
 .text.nrf_twim_address_set
                0x00000000000050f0       0x1a Output/Debug/Obj/twi_sensor_pca10056/nrfx_twim.o
 .text.nrf_twim_tx_buffer_set
                0x000000000000510a       0x1e Output/Debug/Obj/twi_sensor_pca10056/nrfx_twim.o
 .text.nrf_twim_rx_buffer_set
                0x0000000000005128       0x1e Output/Debug/Obj/twi_sensor_pca10056/nrfx_twim.o
 .text.nrf_twim_shorts_set
                0x0000000000005146       0x14 Output/Debug/Obj/twi_sensor_pca10056/nrfx_twim.o
 .text.nrf_twim_txd_amount_get
                0x000000000000515a       0x10 Output/Debug/Obj/twi_sensor_pca10056/nrfx_twim.o
 .text.nrf_twim_shorts_get
                0x000000000000516a       0x10 Output/Debug/Obj/twi_sensor_pca10056/nrfx_twim.o
 .text.nrf_twim_rxd_amount_get
                0x000000000000517a       0x10 Output/Debug/Obj/twi_sensor_pca10056/nrfx_twim.o
 .text.nrf_twim_tx_list_enable
                0x000000000000518a       0x12 Output/Debug/Obj/twi_sensor_pca10056/nrfx_twim.o
 .text.nrf_twim_tx_list_disable
                0x000000000000519c       0x12 Output/Debug/Obj/twi_sensor_pca10056/nrfx_twim.o
 .text.nrf_twim_rx_list_enable
                0x00000000000051ae       0x12 Output/Debug/Obj/twi_sensor_pca10056/nrfx_twim.o
 .text.nrf_twim_rx_list_disable
                0x00000000000051c0       0x12 Output/Debug/Obj/twi_sensor_pca10056/nrfx_twim.o
 *fill*         0x00000000000051d2        0x2 
 .text.nrf_gpio_pin_port_decode
                0x00000000000051d4       0x4c Output/Debug/Obj/twi_sensor_pca10056/nrfx_twim.o
 .text.nrf_gpio_cfg
                0x0000000000005220       0x62 Output/Debug/Obj/twi_sensor_pca10056/nrfx_twim.o
 .text.nrf_gpio_pin_present_check
                0x0000000000005282       0x50 Output/Debug/Obj/twi_sensor_pca10056/nrfx_twim.o
 .text.twi_process_error
                0x00000000000052d2       0x40 Output/Debug/Obj/twi_sensor_pca10056/nrfx_twim.o
 *fill*         0x0000000000005312        0x2 
 .text.xfer_completeness_check
                0x0000000000005314       0xfc Output/Debug/Obj/twi_sensor_pca10056/nrfx_twim.o
 .text.nrfx_twim_init
                0x0000000000005410      0x148 Output/Debug/Obj/twi_sensor_pca10056/nrfx_twim.o
                0x0000000000005410                nrfx_twim_init
 .text.nrfx_twim_enable
                0x0000000000005558       0x50 Output/Debug/Obj/twi_sensor_pca10056/nrfx_twim.o
                0x0000000000005558                nrfx_twim_enable
 .text.twim_list_enable_handle
                0x00000000000055a8       0x40 Output/Debug/Obj/twi_sensor_pca10056/nrfx_twim.o
 .text.twim_xfer
                0x00000000000055e8      0x440 Output/Debug/Obj/twi_sensor_pca10056/nrfx_twim.o
 .text.nrfx_twim_xfer
                0x0000000000005a28       0x9c Output/Debug/Obj/twi_sensor_pca10056/nrfx_twim.o
                0x0000000000005a28                nrfx_twim_xfer
 .text.nrfx_twim_tx
                0x0000000000005ac4       0x50 Output/Debug/Obj/twi_sensor_pca10056/nrfx_twim.o
                0x0000000000005ac4                nrfx_twim_tx
 .text.nrfx_twim_rx
                0x0000000000005b14       0x44 Output/Debug/Obj/twi_sensor_pca10056/nrfx_twim.o
                0x0000000000005b14                nrfx_twim_rx
 .text.twim_irq_handler
                0x0000000000005b58      0x2a4 Output/Debug/Obj/twi_sensor_pca10056/nrfx_twim.o
 .text.SPIM0_SPIS0_TWIM0_TWIS0_SPI0_TWI0_IRQHandler
                0x0000000000005dfc       0x18 Output/Debug/Obj/twi_sensor_pca10056/nrfx_twim.o
                0x0000000000005dfc                SPIM0_SPIS0_TWIM0_TWIS0_SPI0_TWI0_IRQHandler
 .text.main     0x0000000000005e14        0xe Output/Debug/Obj/twi_sensor_pca10056/main.o
                0x0000000000005e14                main
 *fill*         0x0000000000005e22        0x2 
 .text.nrfx_coredep_delay_us
                0x0000000000005e24       0x30 Output/Debug/Obj/twi_sensor_pca10056/snow_adxl362.o
 .text.nrf_drv_spi_transfer
                0x0000000000005e54       0x42 Output/Debug/Obj/twi_sensor_pca10056/snow_adxl362.o
 .text.nrf_delay_ms
                0x0000000000005e96       0x2a Output/Debug/Obj/twi_sensor_pca10056/snow_adxl362.o
 .text.nrf_gpio_pin_port_decode
                0x0000000000005ec0       0x4c Output/Debug/Obj/twi_sensor_pca10056/snow_adxl362.o
 .text.nrf_gpio_cfg
                0x0000000000005f0c       0x62 Output/Debug/Obj/twi_sensor_pca10056/snow_adxl362.o
 .text.nrf_gpio_cfg_output
                0x0000000000005f6e       0x22 Output/Debug/Obj/twi_sensor_pca10056/snow_adxl362.o
 .text.nrf_gpio_pin_set
                0x0000000000005f90       0x28 Output/Debug/Obj/twi_sensor_pca10056/snow_adxl362.o
 .text.nrf_gpio_pin_clear
                0x0000000000005fb8       0x28 Output/Debug/Obj/twi_sensor_pca10056/snow_adxl362.o
 .text.nrf_gpio_port_out_set
                0x0000000000005fe0       0x14 Output/Debug/Obj/twi_sensor_pca10056/snow_adxl362.o
 .text.nrf_gpio_port_out_clear
                0x0000000000005ff4       0x14 Output/Debug/Obj/twi_sensor_pca10056/snow_adxl362.o
 .text.nrf_gpio_pin_present_check
                0x0000000000006008       0x50 Output/Debug/Obj/twi_sensor_pca10056/snow_adxl362.o
 .text.snow_adxl362_init
                0x0000000000006058       0x98 Output/Debug/Obj/twi_sensor_pca10056/snow_adxl362.o
                0x0000000000006058                snow_adxl362_init
 .text.snow_adxl362_configure
                0x00000000000060f0      0x1a8 Output/Debug/Obj/twi_sensor_pca10056/snow_adxl362.o
                0x00000000000060f0                snow_adxl362_configure
 .text.snow_adxl362_soft_reset
                0x0000000000006298       0x58 Output/Debug/Obj/twi_sensor_pca10056/snow_adxl362.o
                0x0000000000006298                snow_adxl362_soft_reset
 .text.snow_adxl362_read_accl
                0x00000000000062f0       0xf8 Output/Debug/Obj/twi_sensor_pca10056/snow_adxl362.o
                0x00000000000062f0                snow_adxl362_read_accl
 .text.snow_adxl362_read_temp
                0x00000000000063e8       0x88 Output/Debug/Obj/twi_sensor_pca10056/snow_adxl362.o
                0x00000000000063e8                snow_adxl362_read_temp
 .text.snow_adxl362_create_device
                0x0000000000006470       0x7c Output/Debug/Obj/twi_sensor_pca10056/snow_adxl362.o
                0x0000000000006470                snow_adxl362_create_device
 .text.nrf_spi_transfer
                0x00000000000064ec       0x58 Output/Debug/Obj/twi_sensor_pca10056/snow_adxl362.o
                0x00000000000064ec                nrf_spi_transfer
 .text.bme680_init
                0x0000000000006544       0x70 Output/Debug/Obj/twi_sensor_pca10056/bme680.o
                0x0000000000006544                bme680_init
 .text.bme680_get_regs
                0x00000000000065b4       0x8e Output/Debug/Obj/twi_sensor_pca10056/bme680.o
                0x00000000000065b4                bme680_get_regs
 .text.bme680_set_regs
                0x0000000000006642      0x130 Output/Debug/Obj/twi_sensor_pca10056/bme680.o
                0x0000000000006642                bme680_set_regs
 .text.bme680_soft_reset
                0x0000000000006772       0x88 Output/Debug/Obj/twi_sensor_pca10056/bme680.o
                0x0000000000006772                bme680_soft_reset
 .text.bme680_set_sensor_settings
                0x00000000000067fa      0x418 Output/Debug/Obj/twi_sensor_pca10056/bme680.o
                0x00000000000067fa                bme680_set_sensor_settings
 .text.bme680_set_sensor_mode
                0x0000000000006c12       0xd8 Output/Debug/Obj/twi_sensor_pca10056/bme680.o
                0x0000000000006c12                bme680_set_sensor_mode
 *fill*         0x0000000000006cea        0x2 
 .text.bme680_get_profile_dur
                0x0000000000006cec       0xb8 Output/Debug/Obj/twi_sensor_pca10056/bme680.o
                0x0000000000006cec                bme680_get_profile_dur
 .text.bme680_get_sensor_data
                0x0000000000006da4       0x5a Output/Debug/Obj/twi_sensor_pca10056/bme680.o
                0x0000000000006da4                bme680_get_sensor_data
 .text.get_calib_data
                0x0000000000006dfe      0x270 Output/Debug/Obj/twi_sensor_pca10056/bme680.o
 .text.set_gas_config
                0x000000000000706e       0x98 Output/Debug/Obj/twi_sensor_pca10056/bme680.o
 .text.calc_temperature
                0x0000000000007106      0x108 Output/Debug/Obj/twi_sensor_pca10056/bme680.o
 .text.calc_pressure
                0x000000000000720e      0x150 Output/Debug/Obj/twi_sensor_pca10056/bme680.o
 *fill*         0x000000000000735e        0x2 
 .text.calc_humidity
                0x0000000000007360      0x130 Output/Debug/Obj/twi_sensor_pca10056/bme680.o
 .text.calc_gas_resistance
                0x0000000000007490      0x17c Output/Debug/Obj/twi_sensor_pca10056/bme680.o
 .text.calc_heater_res
                0x000000000000760c       0xf8 Output/Debug/Obj/twi_sensor_pca10056/bme680.o
 .text.calc_heater_dur
                0x0000000000007704       0x5a Output/Debug/Obj/twi_sensor_pca10056/bme680.o
 .text.read_field_data
                0x000000000000775e      0x18e Output/Debug/Obj/twi_sensor_pca10056/bme680.o
 .text.set_mem_page
                0x00000000000078ec       0xd8 Output/Debug/Obj/twi_sensor_pca10056/bme680.o
 .text.get_mem_page
                0x00000000000079c4       0x60 Output/Debug/Obj/twi_sensor_pca10056/bme680.o
 .text.boundary_check
                0x0000000000007a24       0x7c Output/Debug/Obj/twi_sensor_pca10056/bme680.o
 .text.null_ptr_check
                0x0000000000007aa0       0x3a Output/Debug/Obj/twi_sensor_pca10056/bme680.o
 *fill*         0x0000000000007ada        0x2 
 .text.nrfx_coredep_delay_us
                0x0000000000007adc       0x30 Output/Debug/Obj/twi_sensor_pca10056/snow_bme680.o
 .text.nrf_drv_twi_tx
                0x0000000000007b0c       0x40 Output/Debug/Obj/twi_sensor_pca10056/snow_bme680.o
 .text.nrf_drv_twi_rx
                0x0000000000007b4c       0x38 Output/Debug/Obj/twi_sensor_pca10056/snow_bme680.o
 .text.nrf_delay_ms
                0x0000000000007b84       0x2a Output/Debug/Obj/twi_sensor_pca10056/snow_bme680.o
 *fill*         0x0000000000007bae        0x2 
 .text.snow_bme680_init
                0x0000000000007bb0       0x6c Output/Debug/Obj/twi_sensor_pca10056/snow_bme680.o
                0x0000000000007bb0                snow_bme680_init
 .text.snow_bme680_configure
                0x0000000000007c1c       0x8c Output/Debug/Obj/twi_sensor_pca10056/snow_bme680.o
                0x0000000000007c1c                snow_bme680_configure
 .text.snow_bme680_measure
                0x0000000000007ca8       0x4a Output/Debug/Obj/twi_sensor_pca10056/snow_bme680.o
                0x0000000000007ca8                snow_bme680_measure
 *fill*         0x0000000000007cf2        0x2 
 .text.bme680_i2c_read
                0x0000000000007cf4       0x60 Output/Debug/Obj/twi_sensor_pca10056/snow_bme680.o
 .text.bme680_i2c_write
                0x0000000000007d54       0x80 Output/Debug/Obj/twi_sensor_pca10056/snow_bme680.o
 .text.nrfx_coredep_delay_us
                0x0000000000007dd4       0x30 Output/Debug/Obj/twi_sensor_pca10056/snow_slave.o
 .text.nrf_drv_twi_enable
                0x0000000000007e04       0x18 Output/Debug/Obj/twi_sensor_pca10056/snow_slave.o
 .text.nrf_delay_ms
                0x0000000000007e1c       0x2a Output/Debug/Obj/twi_sensor_pca10056/snow_slave.o
 .text.snow_slave_init
                0x0000000000007e46       0x10 Output/Debug/Obj/twi_sensor_pca10056/snow_slave.o
                0x0000000000007e46                snow_slave_init
 .text.snow_slave_run
                0x0000000000007e56        0xc Output/Debug/Obj/twi_sensor_pca10056/snow_slave.o
                0x0000000000007e56                snow_slave_run
 *fill*         0x0000000000007e62        0x2 
 .text.spi_init
                0x0000000000007e64       0x50 Output/Debug/Obj/twi_sensor_pca10056/snow_slave.o
                0x0000000000007e64                spi_init
 .text.twi_init
                0x0000000000007eb4       0x64 Output/Debug/Obj/twi_sensor_pca10056/snow_slave.o
                0x0000000000007eb4                twi_init
 .text.test_everything
                0x0000000000007f18      0x1f4 Output/Debug/Obj/twi_sensor_pca10056/snow_slave.o
                0x0000000000007f18                test_everything
 .text._DoInit  0x000000000000810c       0x9c Output/Debug/Obj/twi_sensor_pca10056/SEGGER_RTT.o
 .text._WriteBlocking
                0x00000000000081a8       0xb2 Output/Debug/Obj/twi_sensor_pca10056/SEGGER_RTT.o
 .text._WriteNoCheck
                0x000000000000825a       0x7e Output/Debug/Obj/twi_sensor_pca10056/SEGGER_RTT.o
 .text._GetAvailWriteSpace
                0x00000000000082d8       0x3c Output/Debug/Obj/twi_sensor_pca10056/SEGGER_RTT.o
 .text.SEGGER_RTT_WriteNoLock
                0x0000000000008314       0xa0 Output/Debug/Obj/twi_sensor_pca10056/SEGGER_RTT.o
                0x0000000000008314                SEGGER_RTT_WriteNoLock
 .text.SEGGER_RTT_Write
                0x00000000000083b4       0x3c Output/Debug/Obj/twi_sensor_pca10056/SEGGER_RTT.o
                0x00000000000083b4                SEGGER_RTT_Write
 .text.printf   0x00000000000083f0       0x4c Output/Debug/Obj/twi_sensor_pca10056/SEGGER_RTT_Syscalls_SES.o
                0x00000000000083f0                printf
 .text.__NVIC_SystemReset
                0x000000000000843c       0x28 Output/Debug/Obj/twi_sensor_pca10056/system_nrf52840.o
 .text.nrf52_errata_36
                0x0000000000008464       0x54 Output/Debug/Obj/twi_sensor_pca10056/system_nrf52840.o
 .text.nrf52_errata_66
                0x00000000000084b8       0x54 Output/Debug/Obj/twi_sensor_pca10056/system_nrf52840.o
 .text.nrf52_errata_98
                0x000000000000850c       0x54 Output/Debug/Obj/twi_sensor_pca10056/system_nrf52840.o
 .text.nrf52_errata_103
                0x0000000000008560       0x54 Output/Debug/Obj/twi_sensor_pca10056/system_nrf52840.o
 .text.nrf52_errata_115
                0x00000000000085b4       0x54 Output/Debug/Obj/twi_sensor_pca10056/system_nrf52840.o
 .text.nrf52_errata_120
                0x0000000000008608       0x54 Output/Debug/Obj/twi_sensor_pca10056/system_nrf52840.o
 .text.nrf52_errata_136
                0x000000000000865c       0x54 Output/Debug/Obj/twi_sensor_pca10056/system_nrf52840.o
 .text.SystemCoreClockUpdate
                0x00000000000086b0       0x14 Output/Debug/Obj/twi_sensor_pca10056/system_nrf52840.o
                0x00000000000086b0                SystemCoreClockUpdate
 .text.SystemInit
                0x00000000000086c4      0x254 Output/Debug/Obj/twi_sensor_pca10056/system_nrf52840.o
                0x00000000000086c4                SystemInit
 .text.__aeabi_f2d
                0x0000000000008918       0x34 C:/Program Files/SEGGER/SEGGER Embedded Studio for ARM 5.32a/lib/libm_v7em_fpv4_sp_d16_hard_t_le_eabi.a(libm_asm.o)
                0x0000000000008918                __aeabi_f2d
 .text.__aeabi_d2f
                0x000000000000894c       0x54 C:/Program Files/SEGGER/SEGGER Embedded Studio for ARM 5.32a/lib/libm_v7em_fpv4_sp_d16_hard_t_le_eabi.a(libm_asm.o)
                0x000000000000894c                __aeabi_d2f
 .text.__float32_isinf
                0x00000000000089a0       0x14 C:/Program Files/SEGGER/SEGGER Embedded Studio for ARM 5.32a/lib/libm_v7em_fpv4_sp_d16_hard_t_le_eabi.a(libm_asm.o)
                0x00000000000089a0                __float32_isinf
 .text.__float32_isnan
                0x00000000000089b4       0x14 C:/Program Files/SEGGER/SEGGER Embedded Studio for ARM 5.32a/lib/libm_v7em_fpv4_sp_d16_hard_t_le_eabi.a(libm_asm.o)
                0x00000000000089b4                __float32_isnan
 .text.__float32_signbit
                0x00000000000089c8        0xc C:/Program Files/SEGGER/SEGGER Embedded Studio for ARM 5.32a/lib/libm_v7em_fpv4_sp_d16_hard_t_le_eabi.a(libm_asm.o)
                0x00000000000089c8                __float32_signbit
 .text.fabsf    0x00000000000089d4        0x8 C:/Program Files/SEGGER/SEGGER Embedded Studio for ARM 5.32a/lib/libm_v7em_fpv4_sp_d16_hard_t_le_eabi.a(libm_asm.o)
                0x00000000000089d4                fabsf
                0x00000000000089d4                fabs(float)
 .text.floorf   0x00000000000089dc       0x70 C:/Program Files/SEGGER/SEGGER Embedded Studio for ARM 5.32a/lib/libm_v7em_fpv4_sp_d16_hard_t_le_eabi.a(libm_asm.o)
                0x00000000000089dc                floorf
                0x00000000000089dc                floor(float)
 .text.frexpf   0x0000000000008a4c       0x3c C:/Program Files/SEGGER/SEGGER Embedded Studio for ARM 5.32a/lib/libm_v7em_fpv4_sp_d16_hard_t_le_eabi.a(libm_asm.o)
                0x0000000000008a4c                frexpf
                0x0000000000008a4c                frexp(float, int*)
 .text.ldexpf   0x0000000000008a88       0x48 C:/Program Files/SEGGER/SEGGER Embedded Studio for ARM 5.32a/lib/libm_v7em_fpv4_sp_d16_hard_t_le_eabi.a(libm_asm.o)
                0x0000000000008a88                ldexp(float, int)
                0x0000000000008a88                ldexpf
 .text.libc.__int64_udivmod
                0x0000000000008ad0       0xce C:/Program Files/SEGGER/SEGGER Embedded Studio for ARM 5.32a/lib/libc_v7em_fpv4_sp_d16_hard_t_le_eabi.a(libc_asm.o)
                0x0000000000008ad0                __aeabi_uldivmod
                0x0000000000008ad0                __int64_udiv
                0x0000000000008ad0                __udivdi3
                0x0000000000008ad0                __int64_udivmod
 .text.libc.__aeabi_ldivmod
                0x0000000000008b9e       0x58 C:/Program Files/SEGGER/SEGGER Embedded Studio for ARM 5.32a/lib/libc_v7em_fpv4_sp_d16_hard_t_le_eabi.a(libc_asm.o)
                0x0000000000008b9e                __aeabi_ldivmod
 *fill*         0x0000000000008bf6        0x2 
 .text.libc.__RAL_ascii_isctype
                0x0000000000008bf8       0x1c C:/Program Files/SEGGER/SEGGER Embedded Studio for ARM 5.32a/lib/libc_v7em_fpv4_sp_d16_hard_t_le_eabi.a(libc2.o)
 .text.libc.__RAL_ascii_toupper
                0x0000000000008c14        0xc C:/Program Files/SEGGER/SEGGER Embedded Studio for ARM 5.32a/lib/libc_v7em_fpv4_sp_d16_hard_t_le_eabi.a(libc2.o)
 .text.libc.__RAL_ascii_tolower
                0x0000000000008c20        0xc C:/Program Files/SEGGER/SEGGER Embedded Studio for ARM 5.32a/lib/libc_v7em_fpv4_sp_d16_hard_t_le_eabi.a(libc2.o)
 .text.libc.__RAL_ascii_iswctype
                0x0000000000008c2c       0x1c C:/Program Files/SEGGER/SEGGER Embedded Studio for ARM 5.32a/lib/libc_v7em_fpv4_sp_d16_hard_t_le_eabi.a(libc2.o)
 .text.libc.__RAL_ascii_towupper
                0x0000000000008c48        0xc C:/Program Files/SEGGER/SEGGER Embedded Studio for ARM 5.32a/lib/libc_v7em_fpv4_sp_d16_hard_t_le_eabi.a(libc2.o)
 .text.libc.__RAL_ascii_towlower
                0x0000000000008c54        0xc C:/Program Files/SEGGER/SEGGER Embedded Studio for ARM 5.32a/lib/libc_v7em_fpv4_sp_d16_hard_t_le_eabi.a(libc2.o)
 .text.libc.__RAL_ascii_wctomb
                0x0000000000008c60        0xe C:/Program Files/SEGGER/SEGGER Embedded Studio for ARM 5.32a/lib/libc_v7em_fpv4_sp_d16_hard_t_le_eabi.a(libc2.o)
                0x0000000000008c60                __RAL_ascii_wctomb
 .text.libc.__RAL_ascii_mbtowc
                0x0000000000008c6e       0x24 C:/Program Files/SEGGER/SEGGER Embedded Studio for ARM 5.32a/lib/libc_v7em_fpv4_sp_d16_hard_t_le_eabi.a(libc2.o)
                0x0000000000008c6e                __RAL_ascii_mbtowc
 *fill*         0x0000000000008c92        0x2 
 .text.libc.__RAL_pow10f
                0x0000000000008c94       0x44 C:/Program Files/SEGGER/SEGGER Embedded Studio for ARM 5.32a/lib/libc_v7em_fpv4_sp_d16_hard_t_le_eabi.a(libc2.o)
                0x0000000000008c94                __RAL_pow10f
 .text.libc.__putc
                0x0000000000008cd8       0x34 C:/Program Files/SEGGER/SEGGER Embedded Studio for ARM 5.32a/lib/libc_v7em_fpv4_sp_d16_hard_t_le_eabi.a(libc2.o)
                0x0000000000008cd8                __putc
 .text.libc.__RAL_print_padding
                0x0000000000008d0c       0x1c C:/Program Files/SEGGER/SEGGER Embedded Studio for ARM 5.32a/lib/libc_v7em_fpv4_sp_d16_hard_t_le_eabi.a(libc2.o)
                0x0000000000008d0c                __RAL_print_padding
 .text.libc.__RAL_pre_padding
                0x0000000000008d28       0x1a C:/Program Files/SEGGER/SEGGER Embedded Studio for ARM 5.32a/lib/libc_v7em_fpv4_sp_d16_hard_t_le_eabi.a(libc2.o)
                0x0000000000008d28                __RAL_pre_padding
 .text.libc.abs
                0x0000000000008d42        0x8 C:/Program Files/SEGGER/SEGGER Embedded Studio for ARM 5.32a/lib/libc_v7em_fpv4_sp_d16_hard_t_le_eabi.a(libc2.o)
                0x0000000000008d42                abs
 *fill*         0x0000000000008d4a        0x2 
 .text.libc.__RAL_isctype
                0x0000000000008d4c       0x14 C:/Program Files/SEGGER/SEGGER Embedded Studio for ARM 5.32a/lib/libc_v7em_fpv4_sp_d16_hard_t_le_eabi.a(libc2.o)
                0x0000000000008d4c                __RAL_isctype
 .text.libc.isprint
                0x0000000000008d60        0xa C:/Program Files/SEGGER/SEGGER Embedded Studio for ARM 5.32a/lib/libc_v7em_fpv4_sp_d16_hard_t_le_eabi.a(libc2.o)
                0x0000000000008d60                isprint
 *fill*         0x0000000000008d6a        0x2 
 .text.libc.__aeabi_errno_addr
                0x0000000000008d6c       0x14 C:/Program Files/SEGGER/SEGGER Embedded Studio for ARM 5.32a/lib/libc_v7em_fpv4_sp_d16_hard_t_le_eabi.a(libc2.o)
                0x0000000000008d6c                __aeabi_errno_addr
 .text.libc.memcmp
                0x0000000000008d80       0x66 C:/Program Files/SEGGER/SEGGER Embedded Studio for ARM 5.32a/lib/libc_v7em_fpv4_sp_d16_hard_t_le_eabi.a(libc2.o)
                0x0000000000008d80                memcmp
 .text.libc.strnlen
                0x0000000000008de6       0x22 C:/Program Files/SEGGER/SEGGER Embedded Studio for ARM 5.32a/lib/libc_v7em_fpv4_sp_d16_hard_t_le_eabi.a(libc2.o)
                0x0000000000008de6                strnlen
 .text.libc.vsnprintf
                0x0000000000008e08       0x1c C:/Program Files/SEGGER/SEGGER Embedded Studio for ARM 5.32a/lib/libc_v7em_fpv4_sp_d16_hard_t_le_eabi.a(libc2.o)
                0x0000000000008e08                vsnprintf
 .text.libc.memcpy
                0x0000000000008e24       0x52 C:/Program Files/SEGGER/SEGGER Embedded Studio for ARM 5.32a/lib/libc_v7em_fpv4_sp_d16_hard_t_le_eabi.a(libc2_asm.o)
                0x0000000000008e24                __aeabi_memcpy
                0x0000000000008e24                memcpy
                0x0000000000008e30                __aeabi_memcpy8
                0x0000000000008e30                __aeabi_memcpy4
 .text.libc.memset
                0x0000000000008e76       0x66 C:/Program Files/SEGGER/SEGGER Embedded Studio for ARM 5.32a/lib/libc_v7em_fpv4_sp_d16_hard_t_le_eabi.a(libc2_asm.o)
                0x0000000000008e76                memset
 .text.libc.strcpy
                0x0000000000008edc       0x44 C:/Program Files/SEGGER/SEGGER Embedded Studio for ARM 5.32a/lib/libc_v7em_fpv4_sp_d16_hard_t_le_eabi.a(libc2_asm.o)
                0x0000000000008edc                strcpy
 .text.libc.strlen
                0x0000000000008f20       0x60 C:/Program Files/SEGGER/SEGGER Embedded Studio for ARM 5.32a/lib/libc_v7em_fpv4_sp_d16_hard_t_le_eabi.a(libc2_asm.o)
                0x0000000000008f20                strlen
 .text.libc.__vfprintf_short_float_long
                0x0000000000008f80      0xdcc C:/Program Files/SEGGER/SEGGER Embedded Studio for ARM 5.32a/lib/libc_v7em_fpv4_sp_d16_hard_t_le_eabi.a(libvfprintf.o)
                0x0000000000008f80                __vfprintf_short_float_long
 .text.libc.modff
                0x0000000000009d4c       0x58 C:/Program Files/SEGGER/SEGGER Embedded Studio for ARM 5.32a/lib/libm_v7em_fpv4_sp_d16_hard_t_le_eabi.a(libm2.o)
                0x0000000000009d4c                modf(float, float*)
                0x0000000000009d4c                modff
 .text.libc.fmodf
                0x0000000000009da4       0xfc C:/Program Files/SEGGER/SEGGER Embedded Studio for ARM 5.32a/lib/libm_v7em_fpv4_sp_d16_hard_t_le_eabi.a(libm2.o)
                0x0000000000009da4                fmod(float, float)
                0x0000000000009da4                fmodf
                0x0000000000009ea0                __text_end__ = (__text_start__ + SIZEOF (.text))
                0x0000000000009ad0                __text_size__ = SIZEOF (.text)
                0x0000000000009ea0                __text_load_end__ = __text_end__

.vfp11_veneer   0x0000000100000000        0x0
 .vfp11_veneer  0x0000000100000000        0x0 linker stubs

.v4_bx          0x0000000100000000        0x0
 .v4_bx         0x0000000100000000        0x0 linker stubs

.iplt           0x0000000100000000        0x0
 .iplt          0x0000000100000000        0x0 Output/Debug/Obj/twi_sensor_pca10056/thumb_crt0.o
                0x0000000000000001                . = ASSERT (((__text_start__ == __text_end__) || ((__text_end__ - __FLASH_segment_start__) <= __FLASH_segment_size__)), error: .text is too large to fit in FLASH memory segment)
                0x0000000000009ea0                __log_const_data_load_start__ = ALIGN (__text_end__, 0x4)

.log_const_data
                0x0000000000009ea0       0x30
                0x0000000000009ea0                __log_const_data_start__ = .
                0x0000000000009ea0                __start_log_const_data = __log_const_data_start__
 *(SORT_BY_NAME(.log_const_data*))
 .log_const_data_PRS
                0x0000000000009ea0        0x8 Output/Debug/Obj/twi_sensor_pca10056/nrfx_prs.o
                0x0000000000009ea0                m_nrf_log_PRS_logs_data_const
 .log_const_data_SPIM
                0x0000000000009ea8        0x8 Output/Debug/Obj/twi_sensor_pca10056/nrfx_spim.o
                0x0000000000009ea8                m_nrf_log_SPIM_logs_data_const
 .log_const_data_TWIM
                0x0000000000009eb0        0x8 Output/Debug/Obj/twi_sensor_pca10056/nrfx_twim.o
                0x0000000000009eb0                m_nrf_log_TWIM_logs_data_const
 .log_const_data_UART
                0x0000000000009eb8        0x8 Output/Debug/Obj/twi_sensor_pca10056/nrfx_uart.o
                0x0000000000009eb8                m_nrf_log_UART_logs_data_const
 .log_const_data_UARTE
                0x0000000000009ec0        0x8 Output/Debug/Obj/twi_sensor_pca10056/nrfx_uarte.o
                0x0000000000009ec0                m_nrf_log_UARTE_logs_data_const
 .log_const_data_app
                0x0000000000009ec8        0x8 Output/Debug/Obj/twi_sensor_pca10056/nrf_log_frontend.o
                0x0000000000009ec8                m_nrf_log_app_logs_data_const
                0x0000000000009ed0                __log_const_data_end__ = (__log_const_data_start__ + SIZEOF (.log_const_data))
                0x0000000000000030                __log_const_data_size__ = SIZEOF (.log_const_data)
                0x0000000000009ed0                __stop_log_const_data = __log_const_data_end__
                0x0000000000009ed0                __log_const_data_load_end__ = __log_const_data_end__
                0x0000000000000001                . = ASSERT (((__log_const_data_start__ == __log_const_data_end__) || ((__log_const_data_end__ - __FLASH_segment_start__) <= __FLASH_segment_size__)), error: .log_const_data is too large to fit in FLASH memory segment)
                0x0000000000009ed0                __log_backends_load_start__ = ALIGN (__log_const_data_end__, 0x4)

.log_backends   0x0000000000009ed0       0x10
                0x0000000000009ed0                __log_backends_start__ = .
                0x0000000000009ed0                __start_log_backends = __log_backends_start__
 *(SORT_BY_NAME(.log_backends*))
 .log_backends  0x0000000000009ed0       0x10 Output/Debug/Obj/twi_sensor_pca10056/nrf_log_default_backends.o
                0x0000000000009ee0                __log_backends_end__ = (__log_backends_start__ + SIZEOF (.log_backends))
                0x0000000000000010                __log_backends_size__ = SIZEOF (.log_backends)
                0x0000000000009ee0                __stop_log_backends = __log_backends_end__
                0x0000000000009ee0                __log_backends_load_end__ = __log_backends_end__
                0x0000000000000001                . = ASSERT (((__log_backends_start__ == __log_backends_end__) || ((__log_backends_end__ - __FLASH_segment_start__) <= __FLASH_segment_size__)), error: .log_backends is too large to fit in FLASH memory segment)
                0x0000000000009ee0                __nrf_balloc_load_start__ = ALIGN (__log_backends_end__, 0x4)

.nrf_balloc     0x0000000000009ee0       0x14
                0x0000000000009ee0                __nrf_balloc_start__ = .
                0x0000000000009ee0                __start_nrf_balloc = __nrf_balloc_start__
 *(.nrf_balloc*)
 .nrf_balloc    0x0000000000009ee0       0x14 Output/Debug/Obj/twi_sensor_pca10056/nrf_log_frontend.o
                0x0000000000009ee0                log_mempool
                0x0000000000009ef4                __nrf_balloc_end__ = (__nrf_balloc_start__ + SIZEOF (.nrf_balloc))
                0x0000000000000014                __nrf_balloc_size__ = SIZEOF (.nrf_balloc)
                0x0000000000009ef4                __stop_nrf_balloc = __nrf_balloc_end__
                0x0000000000009ef4                __nrf_balloc_load_end__ = __nrf_balloc_end__
                0x0000000000000001                . = ASSERT (((__nrf_balloc_start__ == __nrf_balloc_end__) || ((__nrf_balloc_end__ - __FLASH_segment_start__) <= __FLASH_segment_size__)), error: .nrf_balloc is too large to fit in FLASH memory segment)
                0x0000000000009ef4                __nrf_sections_load_start__ = ALIGN (__nrf_balloc_end__, 0x4)

.nrf_sections   0x0000000000009ef4        0x0
                0x0000000000009ef4                __nrf_sections_start__ = .
                0x0000000000009ef4                __start_nrf_sections = __nrf_sections_start__
 *(.nrf_sections .nrf_sections.*)
                0x0000000000009ef4                __nrf_sections_end__ = (__nrf_sections_start__ + SIZEOF (.nrf_sections))
                0x0000000000000000                __nrf_sections_size__ = SIZEOF (.nrf_sections)
                0x0000000000009ef4                __nrf_sections_load_end__ = __nrf_sections_end__
                0x0000000000000001                . = ASSERT (((__nrf_sections_start__ == __nrf_sections_end__) || ((__nrf_sections_end__ - __FLASH_segment_start__) <= __FLASH_segment_size__)), error: .nrf_sections is too large to fit in FLASH memory segment)
                0x0000000000009ef4                __log_dynamic_data_load_start__ = ALIGN (__nrf_sections_end__, 0x4)

.log_dynamic_data
                0x0000000020000000        0x0 load address 0x0000000000009ef4
                0x0000000020000000                __log_dynamic_data_start__ = .
 *(SORT_BY_NAME(.log_dynamic_data*))
                0x0000000020000000                __log_dynamic_data_end__ = (__log_dynamic_data_start__ + SIZEOF (.log_dynamic_data))
                0x0000000000000000                __log_dynamic_data_size__ = SIZEOF (.log_dynamic_data)
                0x0000000000009ef4                __log_dynamic_data_load_end__ = (__log_dynamic_data_load_start__ + SIZEOF (.log_dynamic_data))
                0x0000000000000001                . = ASSERT (((__log_dynamic_data_load_start__ == __log_dynamic_data_load_end__) || ((__log_dynamic_data_load_end__ - __FLASH_segment_start__) <= __FLASH_segment_size__)), error: .log_dynamic_data is too large to fit in FLASH memory segment)

.log_dynamic_data_run
                0x0000000020000000        0x0
                0x0000000020000000                __log_dynamic_data_run_start__ = .
                0x0000000020000000                __start_log_dynamic_data = __log_dynamic_data_run_start__
                0x0000000020000000                . = MAX ((__log_dynamic_data_run_start__ + SIZEOF (.log_dynamic_data)), .)
                0x0000000020000000                __log_dynamic_data_run_end__ = (__log_dynamic_data_run_start__ + SIZEOF (.log_dynamic_data_run))
                0x0000000000000000                __log_dynamic_data_run_size__ = SIZEOF (.log_dynamic_data_run)
                0x0000000020000000                __stop_log_dynamic_data = __log_dynamic_data_run_end__
                0x0000000020000000                __log_dynamic_data_run_load_end__ = __log_dynamic_data_run_end__
                0x0000000000000001                . = ASSERT (((__log_dynamic_data_run_start__ == __log_dynamic_data_run_end__) || ((__log_dynamic_data_run_end__ - __RAM1_segment_start__) <= __RAM1_segment_size__)), error: .log_dynamic_data_run is too large to fit in RAM1 memory segment)
                0x0000000000009ef4                __log_filter_data_load_start__ = ALIGN ((__log_dynamic_data_load_start__ + SIZEOF (.log_dynamic_data)), 0x4)

.log_filter_data
                0x0000000020000000        0x0 load address 0x0000000000009ef4
                0x0000000020000000                __log_filter_data_start__ = .
 *(SORT_BY_NAME(.log_filter_data*))
                0x0000000020000000                __log_filter_data_end__ = (__log_filter_data_start__ + SIZEOF (.log_filter_data))
                0x0000000000000000                __log_filter_data_size__ = SIZEOF (.log_filter_data)
                0x0000000000009ef4                __log_filter_data_load_end__ = (__log_filter_data_load_start__ + SIZEOF (.log_filter_data))
                0x0000000000000001                . = ASSERT (((__log_filter_data_load_start__ == __log_filter_data_load_end__) || ((__log_filter_data_load_end__ - __FLASH_segment_start__) <= __FLASH_segment_size__)), error: .log_filter_data is too large to fit in FLASH memory segment)

.log_filter_data_run
                0x0000000020000000        0x0
                0x0000000020000000                __log_filter_data_run_start__ = .
                0x0000000020000000                __start_log_filter_data = __log_filter_data_run_start__
                0x0000000020000000                . = MAX ((__log_filter_data_run_start__ + SIZEOF (.log_filter_data)), .)
                0x0000000020000000                __log_filter_data_run_end__ = (__log_filter_data_run_start__ + SIZEOF (.log_filter_data_run))
                0x0000000000000000                __log_filter_data_run_size__ = SIZEOF (.log_filter_data_run)
                0x0000000020000000                __stop_log_filter_data = __log_filter_data_run_end__
                0x0000000020000000                __log_filter_data_run_load_end__ = __log_filter_data_run_end__
                0x0000000000000001                . = ASSERT (((__log_filter_data_run_start__ == __log_filter_data_run_end__) || ((__log_filter_data_run_end__ - __RAM1_segment_start__) <= __RAM1_segment_size__)), error: .log_filter_data_run is too large to fit in RAM1 memory segment)
                0x0000000020000000                __nrf_sections_run_end_load_start__ = ALIGN (__log_filter_data_run_end__, 0x4)

.nrf_sections_run_end
                0x0000000020000000        0x0
                0x0000000020000000                __nrf_sections_run_end_start__ = .
                0x0000000020000000                __end_nrf_sections_run = __nrf_sections_run_end_start__
 *(.nrf_sections_run_end .nrf_sections_run_end.*)
                0x0000000020000000                __nrf_sections_run_end_end__ = (__nrf_sections_run_end_start__ + SIZEOF (.nrf_sections_run_end))
                0x0000000000000000                __nrf_sections_run_end_size__ = SIZEOF (.nrf_sections_run_end)
                0x0000000020000000                __nrf_sections_run_end_load_end__ = __nrf_sections_run_end_end__
                0x0000000000000001                . = ASSERT (((__nrf_sections_run_end_start__ == __nrf_sections_run_end_end__) || ((__nrf_sections_run_end_end__ - __RAM1_segment_start__) <= __RAM1_segment_size__)), error: .nrf_sections_run_end is too large to fit in RAM1 memory segment)
                0x0000000000009ef4                __dtors_load_start__ = ALIGN ((__log_filter_data_load_start__ + SIZEOF (.log_filter_data)), 0x4)

.dtors          0x0000000000009ef4        0x0
                0x0000000000009ef4                __dtors_start__ = .
 *(SORT_BY_NAME(.dtors.*))
 *(.dtors)
 *(.fini_array)
 *(SORT_BY_NAME(.fini_array.*))
                0x0000000000009ef4                __dtors_end__ = (__dtors_start__ + SIZEOF (.dtors))
                0x0000000000000000                __dtors_size__ = SIZEOF (.dtors)
                0x0000000000009ef4                __dtors_load_end__ = __dtors_end__
                0x0000000000000001                . = ASSERT (((__dtors_start__ == __dtors_end__) || ((__dtors_end__ - __FLASH_segment_start__) <= __FLASH_segment_size__)), error: .dtors is too large to fit in FLASH memory segment)
                0x0000000000009ef4                __ctors_load_start__ = ALIGN (__dtors_end__, 0x4)

.ctors          0x0000000000009ef4        0x0
                0x0000000000009ef4                __ctors_start__ = .
 *(SORT_BY_NAME(.ctors.*))
 *(.ctors)
 *(.init_array)
 *(SORT_BY_NAME(.init_array.*))
                0x0000000000009ef4                __ctors_end__ = (__ctors_start__ + SIZEOF (.ctors))
                0x0000000000000000                __ctors_size__ = SIZEOF (.ctors)
                0x0000000000009ef4                __ctors_load_end__ = __ctors_end__
                0x0000000000000001                . = ASSERT (((__ctors_start__ == __ctors_end__) || ((__ctors_end__ - __FLASH_segment_start__) <= __FLASH_segment_size__)), error: .ctors is too large to fit in FLASH memory segment)
                0x0000000000009ef4                __rodata_load_start__ = ALIGN (__ctors_end__, 0x4)

.rodata         0x0000000000009ef4     0x12cc
                0x0000000000009ef4                __rodata_start__ = .
 *(.rodata .rodata.* .gnu.linkonce.r.*)
 .rodata        0x0000000000009ef4       0x78 Output/Debug/Obj/twi_sensor_pca10056/nrf_log_backend_uart.o
 .rodata.nrf_log_backend_uart_api
                0x0000000000009f6c        0xc Output/Debug/Obj/twi_sensor_pca10056/nrf_log_backend_uart.o
                0x0000000000009f6c                nrf_log_backend_uart_api
 .rodata        0x0000000000009f78       0x6e Output/Debug/Obj/twi_sensor_pca10056/nrf_log_default_backends.o
 *fill*         0x0000000000009fe6        0x2 
 .rodata        0x0000000000009fe8       0x69 Output/Debug/Obj/twi_sensor_pca10056/nrf_log_frontend.o
 *fill*         0x000000000000a051        0x3 
 .rodata        0x000000000000a054       0xaa Output/Debug/Obj/twi_sensor_pca10056/nrf_log_str_formatter.o
 *fill*         0x000000000000a0fe        0x2 
 .rodata        0x000000000000a100       0x70 Output/Debug/Obj/twi_sensor_pca10056/app_error_weak.o
 .rodata        0x000000000000a170       0x50 Output/Debug/Obj/twi_sensor_pca10056/app_util_platform.o
 .rodata        0x000000000000a1c0       0x4b Output/Debug/Obj/twi_sensor_pca10056/nrf_balloc.o
 *fill*         0x000000000000a20b        0x1 
 .rodata        0x000000000000a20c       0x41 Output/Debug/Obj/twi_sensor_pca10056/nrf_fprintf.o
 *fill*         0x000000000000a24d        0x3 
 .rodata        0x000000000000a250       0x48 Output/Debug/Obj/twi_sensor_pca10056/nrf_fprintf_format.o
 .rodata._aV2C.7889
                0x000000000000a298       0x10 Output/Debug/Obj/twi_sensor_pca10056/nrf_fprintf_format.o
 .rodata        0x000000000000a2a8       0x4b Output/Debug/Obj/twi_sensor_pca10056/nrf_memobj.o
 *fill*         0x000000000000a2f3        0x1 
 .rodata.m_unknown_str
                0x000000000000a2f4       0x13 Output/Debug/Obj/twi_sensor_pca10056/nrf_strerror.o
 *fill*         0x000000000000a307        0x1 
 .rodata        0x000000000000a308      0x3bd Output/Debug/Obj/twi_sensor_pca10056/nrf_strerror.o
 *fill*         0x000000000000a6c5        0x3 
 .rodata.nrf_strerror_array
                0x000000000000a6c8      0x118 Output/Debug/Obj/twi_sensor_pca10056/nrf_strerror.o
 .rodata        0x000000000000a7e0       0x2e Output/Debug/Obj/twi_sensor_pca10056/nrf_drv_twi.o
 *fill*         0x000000000000a80e        0x2 
 .rodata.delay_machine_code.7975
                0x000000000000a810        0x6 Output/Debug/Obj/twi_sensor_pca10056/nrf_drv_twi.o
 *fill*         0x000000000000a816        0x2 
 .rodata        0x000000000000a818       0x49 Output/Debug/Obj/twi_sensor_pca10056/nrf_drv_uart.o
 *fill*         0x000000000000a861        0x3 
 .rodata        0x000000000000a864       0x4e Output/Debug/Obj/twi_sensor_pca10056/nrfx_prs.o
 *fill*         0x000000000000a8b2        0x2 
 .rodata        0x000000000000a8b4       0xaf Output/Debug/Obj/twi_sensor_pca10056/nrfx_uart.o
 *fill*         0x000000000000a963        0x1 
 .rodata.irq_handlers.8947
                0x000000000000a964        0x4 Output/Debug/Obj/twi_sensor_pca10056/nrfx_uart.o
 .rodata        0x000000000000a968       0xb0 Output/Debug/Obj/twi_sensor_pca10056/nrfx_uarte.o
 .rodata.irq_handlers.8989
                0x000000000000aa18        0x4 Output/Debug/Obj/twi_sensor_pca10056/nrfx_uarte.o
 .rodata        0x000000000000aa1c       0x10 Output/Debug/Obj/twi_sensor_pca10056/nrf_drv_spi.o
 .rodata        0x000000000000aa2c       0xaf Output/Debug/Obj/twi_sensor_pca10056/nrfx_spim.o
 *fill*         0x000000000000aadb        0x1 
 .rodata.irq_handlers.8963
                0x000000000000aadc        0x4 Output/Debug/Obj/twi_sensor_pca10056/nrfx_spim.o
 .rodata        0x000000000000aae0       0xaf Output/Debug/Obj/twi_sensor_pca10056/nrfx_twim.o
 *fill*         0x000000000000ab8f        0x1 
 .rodata.irq_handlers.8962
                0x000000000000ab90        0x4 Output/Debug/Obj/twi_sensor_pca10056/nrfx_twim.o
 .rodata        0x000000000000ab94       0x42 Output/Debug/Obj/twi_sensor_pca10056/snow_adxl362.o
 *fill*         0x000000000000abd6        0xa 
 .rodata.delay_machine_code.7975
                0x000000000000abe0        0x6 Output/Debug/Obj/twi_sensor_pca10056/snow_adxl362.o
 *fill*         0x000000000000abe6        0x2 
 .rodata        0x000000000000abe8       0x88 Output/Debug/Obj/twi_sensor_pca10056/bme680.o
 .rodata.delay_machine_code.7975
                0x000000000000ac70        0x6 Output/Debug/Obj/twi_sensor_pca10056/snow_bme680.o
 *fill*         0x000000000000ac76        0x2 
 .rodata.m_twi  0x000000000000ac78       0x10 Output/Debug/Obj/twi_sensor_pca10056/snow_slave.o
 .rodata.m_spi  0x000000000000ac88       0x10 Output/Debug/Obj/twi_sensor_pca10056/snow_slave.o
 .rodata        0x000000000000ac98      0x1ab Output/Debug/Obj/twi_sensor_pca10056/snow_slave.o
 *fill*         0x000000000000ae43        0xd 
 .rodata.delay_machine_code.8281
                0x000000000000ae50        0x6 Output/Debug/Obj/twi_sensor_pca10056/snow_slave.o
 *fill*         0x000000000000ae56        0x2 
 .rodata        0x000000000000ae58       0x17 Output/Debug/Obj/twi_sensor_pca10056/SEGGER_RTT.o
 *fill*         0x000000000000ae6f        0x1 
 .rodata.libc.__RAL_find_locale.str1.4
                0x000000000000ae70        0xa C:/Program Files/SEGGER/SEGGER Embedded Studio for ARM 5.32a/lib/libc_v7em_fpv4_sp_d16_hard_t_le_eabi.a(libc2.o)
 *fill*         0x000000000000ae7a        0x2 
 .rodata.libc.__RAL_ascii_ctype_map
                0x000000000000ae7c       0x80 C:/Program Files/SEGGER/SEGGER Embedded Studio for ARM 5.32a/lib/libc_v7em_fpv4_sp_d16_hard_t_le_eabi.a(libc2.o)
                0x000000000000ae7c                __RAL_ascii_ctype_map
 .rodata.libc.__RAL_ascii_ctype_mask
                0x000000000000aefc        0xd C:/Program Files/SEGGER/SEGGER Embedded Studio for ARM 5.32a/lib/libc_v7em_fpv4_sp_d16_hard_t_le_eabi.a(libc2.o)
 *fill*         0x000000000000af09        0x3 
 .rodata.libc.__RAL_c_locale
                0x000000000000af0c        0xc C:/Program Files/SEGGER/SEGGER Embedded Studio for ARM 5.32a/lib/libc_v7em_fpv4_sp_d16_hard_t_le_eabi.a(libc2.o)
                0x000000000000af0c                __RAL_c_locale
 .rodata.libc.__RAL_c_locale_abbrev_day_names
                0x000000000000af18       0x1d C:/Program Files/SEGGER/SEGGER Embedded Studio for ARM 5.32a/lib/libc_v7em_fpv4_sp_d16_hard_t_le_eabi.a(libc2.o)
                0x000000000000af18                __RAL_c_locale_abbrev_day_names
 *fill*         0x000000000000af35        0x3 
 .rodata.libc.__RAL_c_locale_abbrev_month_names
                0x000000000000af38       0x31 C:/Program Files/SEGGER/SEGGER Embedded Studio for ARM 5.32a/lib/libc_v7em_fpv4_sp_d16_hard_t_le_eabi.a(libc2.o)
                0x000000000000af38                __RAL_c_locale_abbrev_month_names
 *fill*         0x000000000000af69        0x3 
 .rodata.libc.__RAL_c_locale_am_pm_indicator
                0x000000000000af6c        0x7 C:/Program Files/SEGGER/SEGGER Embedded Studio for ARM 5.32a/lib/libc_v7em_fpv4_sp_d16_hard_t_le_eabi.a(libc2.o)
                0x000000000000af6c                __RAL_c_locale_am_pm_indicator
 *fill*         0x000000000000af73        0x1 
 .rodata.libc.__RAL_c_locale_data
                0x000000000000af74       0x58 C:/Program Files/SEGGER/SEGGER Embedded Studio for ARM 5.32a/lib/libc_v7em_fpv4_sp_d16_hard_t_le_eabi.a(libc2.o)
                0x000000000000af74                __RAL_c_locale_data
 .rodata.libc.__RAL_c_locale_date_format
                0x000000000000afcc        0x9 C:/Program Files/SEGGER/SEGGER Embedded Studio for ARM 5.32a/lib/libc_v7em_fpv4_sp_d16_hard_t_le_eabi.a(libc2.o)
                0x000000000000afcc                __RAL_c_locale_date_format
 *fill*         0x000000000000afd5        0x3 
 .rodata.libc.__RAL_c_locale_date_time_format
                0x000000000000afd8        0xf C:/Program Files/SEGGER/SEGGER Embedded Studio for ARM 5.32a/lib/libc_v7em_fpv4_sp_d16_hard_t_le_eabi.a(libc2.o)
                0x000000000000afd8                __RAL_c_locale_date_time_format
 *fill*         0x000000000000afe7        0x1 
 .rodata.libc.__RAL_c_locale_day_names
                0x000000000000afe8       0x3a C:/Program Files/SEGGER/SEGGER Embedded Studio for ARM 5.32a/lib/libc_v7em_fpv4_sp_d16_hard_t_le_eabi.a(libc2.o)
                0x000000000000afe8                __RAL_c_locale_day_names
 *fill*         0x000000000000b022        0x2 
 .rodata.libc.__RAL_c_locale_month_names
                0x000000000000b024       0x57 C:/Program Files/SEGGER/SEGGER Embedded Studio for ARM 5.32a/lib/libc_v7em_fpv4_sp_d16_hard_t_le_eabi.a(libc2.o)
                0x000000000000b024                __RAL_c_locale_month_names
 *fill*         0x000000000000b07b        0x1 
 .rodata.libc.__RAL_c_locale_time_format
                0x000000000000b07c        0x9 C:/Program Files/SEGGER/SEGGER Embedded Studio for ARM 5.32a/lib/libc_v7em_fpv4_sp_d16_hard_t_le_eabi.a(libc2.o)
                0x000000000000b07c                __RAL_c_locale_time_format
 *fill*         0x000000000000b085        0x3 
 .rodata.libc.__RAL_codeset_ascii
                0x000000000000b088       0x20 C:/Program Files/SEGGER/SEGGER Embedded Studio for ARM 5.32a/lib/libc_v7em_fpv4_sp_d16_hard_t_le_eabi.a(libc2.o)
                0x000000000000b088                __RAL_codeset_ascii
 .rodata.libc.__RAL_data_empty_string
                0x000000000000b0a8        0x1 C:/Program Files/SEGGER/SEGGER Embedded Studio for ARM 5.32a/lib/libc_v7em_fpv4_sp_d16_hard_t_le_eabi.a(libc2.o)
                0x000000000000b0a8                __RAL_data_empty_string
 *fill*         0x000000000000b0a9        0x3 
 .rodata.libc.__RAL_data_utf8_period
                0x000000000000b0ac        0x2 C:/Program Files/SEGGER/SEGGER Embedded Studio for ARM 5.32a/lib/libc_v7em_fpv4_sp_d16_hard_t_le_eabi.a(libc2.o)
                0x000000000000b0ac                __RAL_data_utf8_period
 *fill*         0x000000000000b0ae        0x2 
 .rodata.libc.__RAL_hex_lc
                0x000000000000b0b0       0x10 C:/Program Files/SEGGER/SEGGER Embedded Studio for ARM 5.32a/lib/libc_v7em_fpv4_sp_d16_hard_t_le_eabi.a(libc2.o)
                0x000000000000b0b0                __RAL_hex_lc
 .rodata.libc.__RAL_hex_uc
                0x000000000000b0c0       0x10 C:/Program Files/SEGGER/SEGGER Embedded Studio for ARM 5.32a/lib/libc_v7em_fpv4_sp_d16_hard_t_le_eabi.a(libc2.o)